0x0300 0x0060
#0x0300;COMBINING GRAVE ACCENT;Mn;230;L;;;;;N;NON-SPACING GRAVE;Varia;;;
0x0301 0x00B4
#0x0301;COMBINING ACUTE ACCENT;Mn;230;L;;;;;N;NON-SPACING ACUTE;Oxia;;;
0x0302 0x005E
#0x0302;COMBINING CIRCUMFLEX ACCENT;Mn;230;L;;;;;N;NON-SPACING CIRCUMFLEX;;;;
0x0303 0x02DC
#0x0303;COMBINING TILDE;Mn;230;L;;;;;N;NON-SPACING TILDE;;;;
0x0304 0x00AF
#0x0304;COMBINING MACRON;Mn;230;L;;;;;N;NON-SPACING MACRON;;;;
0x0305 0x203E
#0x0305;COMBINING OVERLINE;Mn;230;L;;;;;N;NON-SPACING OVERSCORE;;;;
0x0306 0x02D8
#0x0306;COMBINING BREVE;Mn;230;L;;;;;N;NON-SPACING BREVE;Vrachy;;;
0x0307 0x02D9
#0x0307;COMBINING DOT ABOVE;Mn;230;L;;;;;N;NON-SPACING DOT ABOVE;;;;
0x0308 0x00A8
#0x0308;COMBINING DIAERESIS;Mn;230;L;;;;;N;NON-SPACING DIAERESIS;Dialytika;;;
0x0309 0x002C
#0x0309;COMBINING HOOK ABOVE;Mn;230;L;;;;;N;NON-SPACING HOOK ABOVE;;;;
0x030A 0x02DA
#0x030A;COMBINING RING ABOVE;Mn;230;L;;;;;N;NON-SPACING RING ABOVE;;;;
0x030B 0x02DD
#0x030B;COMBINING DOUBLE ACUTE ACCENT;Mn;230;L;;;;;N;NON-SPACING DOUBLE ACUTE;;;;
0x030C 0x02C7
#0x030C;COMBINING CARON;Mn;230;L;;;;;N;NON-SPACING HACEK;;;;
0x030D 0x02C8
#0x030D;COMBINING VERTICAL LINE ABOVE;Mn;230;L;;;;;N;NON-SPACING VERTICAL LINE ABOVE;Tonos;;;
0x030E;COMBINING DOUBLE VERTICAL LINE ABOVE;Mn;230;L;;;;;N;NON-SPACING DOUBLE VERTICAL LINE ABOVE;;;;
0x030F;COMBINING DOUBLE GRAVE ACCENT;Mn;230;L;;;;;N;NON-SPACING DOUBLE GRAVE;;;;
0x0310;COMBINING CANDRABINDU;Mn;230;L;0306 0307;;;;N;NON-SPACING CANDRABINDU;;;;
0x0311;COMBINING INVERTED BREVE;Mn;230;L;;;;;N;NON-SPACING INVERTED BREVE;;;;
0x0312;COMBINING TURNED COMMA ABOVE;Mn;230;L;;;;;N;NON-SPACING TURNED COMMA ABOVE;;;;
0x0313 0x002C
#0x0313;COMBINING COMMA ABOVE;Mn;230;L;;;;;N;NON-SPACING COMMA ABOVE;Psili;;;
0x0314 0x1FFE
0x0314;COMBINING REVERSED COMMA ABOVE;Mn;230;L;;;;;N;NON-SPACING REVERSED COMMA ABOVE;Dasia;;;
0x0315 0x002C
#0x0315;COMBINING COMMA ABOVE RIGHT;Mn;232;L;;;;;N;NON-SPACING COMMA ABOVE RIGHT;;;;
0x0316 0x0060
#0x0316;COMBINING GRAVE ACCENT BELOW;Mn;220;L;;;;;N;NON-SPACING GRAVE BELOW;;;;
0x0317 0x00B4
#0x0317;COMBINING ACUTE ACCENT BELOW;Mn;220;L;;;;;N;NON-SPACING ACUTE BELOW;;;;
0x0318;COMBINING LEFT TACK BELOW;Mn;220;L;;;;;N;NON-SPACING LEFT TACK BELOW;;;;
0x0319;COMBINING RIGHT TACK BELOW;Mn;220;L;;;;;N;NON-SPACING RIGHT TACK BELOW;;;;
0x031A;COMBINING LEFT ANGLE ABOVE;Mn;232;L;;;;;N;NON-SPACING LEFT ANGLE ABOVE;;;;
0x031B 0x002C
#0x031B;COMBINING HORN;Mn;216;L;;;;;N;NON-SPACING HORN;;;;
0x031C;COMBINING LEFT HALF RING BELOW;Mn;220;L;;;;;N;NON-SPACING LEFT HALF RING BELOW;;;;
0x031D;COMBINING UP TACK BELOW;Mn;220;L;;;;;N;NON-SPACING UP TACK BELOW;;;;
0x031E;COMBINING DOWN TACK BELOW;Mn;220;L;;;;;N;NON-SPACING DOWN TACK BELOW;;;;
0x031F 0x002B
#0x031F;COMBINING PLUS SIGN BELOW;Mn;220;L;;;;;N;NON-SPACING PLUS SIGN BELOW;;;;
0x0320 0x002D
#0x0320;COMBINING MINUS SIGN BELOW;Mn;220;L;;;;;N;NON-SPACING MINUS SIGN BELOW;;;;
0x0321;COMBINING PALATALIZED HOOK BELOW;Mn;202;L;;;;;N;NON-SPACING PALATALIZED HOOK BELOW;;;;
0x0322;COMBINING RETROFLEX HOOK BELOW;Mn;202;L;;;;;N;NON-SPACING RETROFLEX HOOK BELOW;;;;
0x0323 0x002E
#0x0323;COMBINING DOT BELOW;Mn;220;L;;;;;N;NON-SPACING DOT BELOW;;;;
0x0324 0x00A8
#0x0324;COMBINING DIAERESIS BELOW;Mn;220;L;;;;;N;NON-SPACING DOUBLE DOT BELOW;;;;
0x0325 0x02DA
#0x0325;COMBINING RING BELOW;Mn;220;L;;;;;N;NON-SPACING RING BELOW;;;;
0x0326 0x002C
#0x0326;COMBINING COMMA BELOW;Mn;220;L;;;;;N;NON-SPACING COMMA BELOW;;;;
0x0327 0x00B8
#0x0327;COMBINING CEDILLA;Mn;202;L;;;;;N;NON-SPACING CEDILLA;;;;
0x0328 0x02DB
#0x0328;COMBINING OGONEK;Mn;202;L;;;;;N;NON-SPACING OGONEK;;;;
0x0329 0x02CC
#0x0329;COMBINING VERTICAL LINE BELOW;Mn;220;L;;;;;N;NON-SPACING VERTICAL LINE BELOW;;;;
0x032A;COMBINING BRIDGE BELOW;Mn;220;L;;;;;N;NON-SPACING BRIDGE BELOW;;;;
0x032B;COMBINING INVERTED DOUBLE ARCH BELOW;Mn;220;L;;;;;N;NON-SPACING INVERTED DOUBLE ARCH BELOW;;;;
0x032C 0x02C7
#0x032C;COMBINING CARON BELOW;Mn;220;L;;;;;N;NON-SPACING HACEK BELOW;;;;
0x032D 0x005E
#0x032D;COMBINING CIRCUMFLEX ACCENT BELOW;Mn;220;L;;;;;N;NON-SPACING CIRCUMFLEX BELOW;;;;
0x032E 0x02D8
#0x032E;COMBINING BREVE BELOW;Mn;220;L;;;;;N;NON-SPACING BREVE BELOW;;;;
0x032F;COMBINING INVERTED BREVE BELOW;Mn;220;L;;;;;N;NON-SPACING INVERTED BREVE BELOW;;;;
0x0330 0x02DC
#0x0330;COMBINING TILDE BELOW;Mn;220;L;;;;;N;NON-SPACING TILDE BELOW;;;;
0x0331 0x00AF
#0x0331;COMBINING MACRON BELOW;Mn;220;L;;;;;N;NON-SPACING MACRON BELOW;;;;
0x0332 0x005F
#0x0332;COMBINING LOW LINE;Mn;220;L;;;;;N;NON-SPACING UNDERSCORE;;;;
0x0333 0x2017
#0x0333;COMBINING DOUBLE LOW LINE;Mn;220;L;;;;;N;NON-SPACING DOUBLE UNDERSCORE;;;;
0x0334 0x007E
#0x0334;COMBINING TILDE OVERLAY;Mn;1;L;;;;;N;NON-SPACING TILDE OVERLAY;;;;
0x0335;COMBINING SHORT STROKE OVERLAY;Mn;1;L;;;;;N;NON-SPACING SHORT BAR OVERLAY;;;;
0x0336;COMBINING LONG STROKE OVERLAY;Mn;1;L;;;;;N;NON-SPACING LONG BAR OVERLAY;;;;
0x0337;COMBINING SHORT SOLIDUS OVERLAY;Mn;1;L;;;;;N;NON-SPACING SHORT SLASH OVERLAY;;;;
0x0338 0x002F
#0x0338;COMBINING LONG SOLIDUS OVERLAY;Mn;1;L;;;;;N;NON-SPACING LONG SLASH OVERLAY;;;;
0x0339;COMBINING RIGHT HALF RING BELOW;Mn;220;L;;;;;N;NON-SPACING RIGHT HALF RING BELOW;;;;
0x033A;COMBINING INVERTED BRIDGE BELOW;Mn;220;L;;;;;N;NON-SPACING INVERTED BRIDGE BELOW;;;;
0x033B;COMBINING SQUARE BELOW;Mn;220;L;;;;;N;NON-SPACING SQUARE BELOW;;;;
0x033C;COMBINING SEAGULL BELOW;Mn;220;L;;;;;N;NON-SPACING SEAGULL BELOW;;;;
0x033D;COMBINING X ABOVE;Mn;230;L;;;;;N;NON-SPACING X ABOVE;;;;
0x033E;COMBINING VERTICAL TILDE;Mn;230;L;;;;;N;NON-SPACING VERTICAL TILDE;;;;
0x033F;COMBINING DOUBLE OVERLINE;Mn;230;L;;;;;N;NON-SPACING DOUBLE OVERSCORE;;;;
0x0340;COMBINING GRAVE TONE MARK;Mn;230;L;0300;;;;N;NON-SPACING GRAVE TONE MARK;Vietnamese;;;
0x0341;COMBINING ACUTE TONE MARK;Mn;230;L;0301;;;;N;NON-SPACING ACUTE TONE MARK;Vietnamese;;;
0x0342 0x1FC0
#0x0342;COMBINING GREEK PERISPOMENI;Mn;230;L;;;;;N;;;;;
0x0343;COMBINING GREEK KORONIS;Mn;230;L;0313;;;;N;;;;;
0x0344;COMBINING GREEK DIALYTIKA TONOS;Mn;230;L;0308 030D;;;;N;GREEK NON-SPACING DIAERESIS TONOS;;;;
0x0345 0x037A
0x0345;COMBINING GREEK YPOGEGRAMMENI;Mn;220;L;;;;;N;GREEK NON-SPACING IOTA BELOW;;;;
0x0360;COMBINING DOUBLE TILDE;Mn;234;L;;;;;N;;;;;
0x0361;COMBINING DOUBLE INVERTED BREVE;Mn;234;L;;;;;N;;;;;
0x0483;COMBINING CYRILLIC TITLO;Mn;230;L;;;;;N;CYRILLIC NON-SPACING TITLO;;;;
0x0484;COMBINING CYRILLIC PALATALIZATION;Mn;230;L;;;;;N;CYRILLIC NON-SPACING PALATALIZATION;;;;
0x0485;COMBINING CYRILLIC DASIA PNEUMATA;Mn;230;L;;;;;N;CYRILLIC NON-SPACING DASIA PNEUMATA;;;;
0x0486;COMBINING CYRILLIC PSILI PNEUMATA;Mn;230;L;;;;;N;CYRILLIC NON-SPACING PSILI PNEUMATA;;;;
0x0591;HEBREW ACCENT ETNAHTA;Mn;220;R;;;;;N;;;;;
0x0592;HEBREW ACCENT SEGOL;Mn;230;R;;;;;N;;;;;
0x0593;HEBREW ACCENT SHALSHELET;Mn;230;R;;;;;N;;;;;
0x0594;HEBREW ACCENT ZAQEF QATAN;Mn;230;R;;;;;N;;;;;
0x0595;HEBREW ACCENT ZAQEF GADOL;Mn;230;R;;;;;N;;;;;
0x0596;HEBREW ACCENT TIPEHA;Mn;220;R;;;;;N;;;;;
0x0597;HEBREW ACCENT REVIA;Mn;230;R;;;;;N;;;;;
0x0598;HEBREW ACCENT ZARQA;Mn;230;R;;;;;N;;;;;
0x0599;HEBREW ACCENT PASHTA;Mn;230;R;;;;;N;;;;;
0x059A;HEBREW ACCENT YETIV;Mn;222;R;;;;;N;;;;;
0x059B;HEBREW ACCENT TEVIR;Mn;220;R;;;;;N;;;;;
0x059C;HEBREW ACCENT GERESH;Mn;230;R;;;;;N;;;;;
0x059D;HEBREW ACCENT GERESH MUQDAM;Mn;230;R;;;;;N;;;;;
0x059E;HEBREW ACCENT GERSHAYIM;Mn;230;R;;;;;N;;;;;
0x059F;HEBREW ACCENT QARNEY PARA;Mn;230;R;;;;;N;;;;;
0x05A0;HEBREW ACCENT TELISHA GEDOLA;Mn;230;R;;;;;N;;;;;
0x05A1;HEBREW ACCENT PAZER;Mn;230;R;;;;;N;;;;;
0x05A3;HEBREW ACCENT MUNAH;Mn;220;R;;;;;N;;;;;
0x05A4;HEBREW ACCENT MAHAPAKH;Mn;220;R;;;;;N;;;;;
0x05A5;HEBREW ACCENT MERKHA;Mn;220;R;;;;;N;;;;;
0x05A6;HEBREW ACCENT MERKHA KEFULA;Mn;220;R;;;;;N;;;;;
0x05A7;HEBREW ACCENT DARGA;Mn;220;R;;;;;N;;;;;
0x05A8;HEBREW ACCENT QADMA;Mn;230;R;;;;;N;;;;;
0x05A9;HEBREW ACCENT TELISHA QETANA;Mn;230;R;;;;;N;;;;;
0x05AA;HEBREW ACCENT YERAH BEN YOMO;Mn;220;R;;;;;N;;;;;
0x05AB;HEBREW ACCENT OLE;Mn;230;R;;;;;N;;;;;
0x05AC;HEBREW ACCENT ILUY;Mn;230;R;;;;;N;;;;;
0x05AD;HEBREW ACCENT DEHI;Mn;222;R;;;;;N;;;;;
0x05AE;HEBREW ACCENT ZINOR;Mn;230;R;;;;;N;;;;;
0x05AF;HEBREW MARK MASORA CIRCLE;Mn;230;R;;;;;N;;;;;
0x05C4;HEBREW MARK UPPER DOT;Mn;230;R;;;;;N;;;;;
0x06D6;ARABIC SMALL HIGH LIGATURE SAD WITH LAM WITH ALEF MAKSURA;Mn;230;R;;;;;N;;;;;
0x06D7;ARABIC SMALL HIGH LIGATURE QAF WITH LAM WITH ALEF MAKSURA;Mn;230;R;;;;;N;;;;;
0x06D8;ARABIC SMALL HIGH MEEM INITIAL FORM;Mn;230;R;;;;;N;;;;;
0x06D9;ARABIC SMALL HIGH LAM ALEF;Mn;230;R;;;;;N;;;;;
0x06DA;ARABIC SMALL HIGH JEEM;Mn;230;R;;;;;N;;;;;
0x06DB;ARABIC SMALL HIGH THREE DOTS;Mn;230;R;;;;;N;;;;;
0x06DC;ARABIC SMALL HIGH SEEN;Mn;230;R;;;;;N;;;;;
0x06DF;ARABIC SMALL HIGH ROUNDED ZERO;Mn;230;R;;;;;N;;;;;
0x06E0;ARABIC SMALL HIGH UPRIGHT RECTANGULAR ZERO;Mn;230;R;;;;;N;;;;;
0x06E1;ARABIC SMALL HIGH DOTLESS HEAD OF KHAH;Mn;230;R;;;;;N;;;;;
0x06E2;ARABIC SMALL HIGH MEEM ISOLATED FORM;Mn;230;R;;;;;N;;;;;
0x06E3;ARABIC SMALL LOW SEEN;Mn;220;R;;;;;N;;;;;
0x06E4;ARABIC SMALL HIGH MADDA;Mn;230;R;;;;;N;;;;;
0x06E7;ARABIC SMALL HIGH YEH;Mn;230;R;;;;;N;;;;;
0x06E8;ARABIC SMALL HIGH NOON;Mn;230;R;;;;;N;;;;;
0x06EA;ARABIC EMPTY CENTRE LOW STOP;Mn;220;R;;;;;N;;;;;
0x06EB;ARABIC EMPTY CENTRE HIGH STOP;Mn;230;R;;;;;N;;;;;
0x06EC;ARABIC ROUNDED HIGH STOP WITH FILLED CENTRE;Mn;230;R;;;;;N;;;;;
0x06ED;ARABIC SMALL LOW MEEM;Mn;220;R;;;;;N;;;;;
0x0953;DEVANAGARI GRAVE ACCENT;Mn;230;L;;;;;N;;;;;
0x0954;DEVANAGARI ACUTE ACCENT;Mn;230;L;;;;;N;;;;;
0x0B56;ORIYA AI LENGTH MARK;Mn;230;L;;;;;N;;;;;
0x0F18;TIBETAN ASTROLOGICAL SIGN -KHYUD PA;Mn;220;L;;;;;N;;kyu pa;;;
0x0F19;TIBETAN ASTROLOGICAL SIGN SDONG TSHUGS;Mn;220;L;;;;;N;;dong tsu;;;
0x0F35;TIBETAN MARK NGAS BZUNG NYI ZLA;Mn;230;L;;;;;N;;nge zung nyi da;;;
0x0F37;TIBETAN MARK NGAS BZUNG SGOR RTAGS;Mn;230;L;;;;;N;;nge zung gor ta;;;
0x0F39;TIBETAN MARK TSA -PHRU;Mn;216;L;;;;;N;;tsa tru;;;
0x0F3E;TIBETAN SIGN YAR TSHES;Mc;220;L;;;;;N;;yar tse;;;
0x0F3F;TIBETAN SIGN MAR TSHES;Mc;220;L;;;;;N;;mar tse;;;
0x0F82;TIBETAN SIGN NYI ZLA NAA DA;Mn;230;L;;;;;N;;nyi da na da;;;
0x0F83;TIBETAN SIGN SNA LDAN;Mn;230;L;;;;;N;;nan de;;;
0x0F86;TIBETAN SIGN LCI RTAGS;Mn;230;L;;;;;N;;ji ta;;;
0x0F87;TIBETAN SIGN YANG RTAGS;Mn;230;L;;;;;N;;yang ta;;;
0x0F88;TIBETAN SIGN LCE TSA CAN;Mn;230;L;;;;;N;;che tsa chen;;;
0x0F89;TIBETAN SIGN MCHU CAN;Mn;230;L;;;;;N;;chu chen;;;
0x0F8A;TIBETAN SIGN GRU CAN RGYINGS;Mn;230;L;;;;;N;;tru chen ging;;;
0x0F8B;TIBETAN SIGN GRU MED RGYINGS;Mn;230;L;;;;;N;;tru me ging;;;
0x20D0 0x21BC
#0x20D0;COMBINING LEFT HARPOON ABOVE;Mn;230;L;;;;;N;NON-SPACING LEFT HARPOON ABOVE;;;;
0x20D1 0x21C0
#0x20D1;COMBINING RIGHT HARPOON ABOVE;Mn;230;L;;;;;N;NON-SPACING RIGHT HARPOON ABOVE;;;;
0x20D4 0x21B6
#0x20D4;COMBINING ANTICLOCKWISE ARROW ABOVE;Mn;230;L;;;;;N;NON-SPACING ANTICLOCKWISE ARROW ABOVE;;;;
0x20D5 0x21B7
#0x20D5;COMBINING CLOCKWISE ARROW ABOVE;Mn;230;L;;;;;N;NON-SPACING CLOCKWISE ARROW ABOVE;;;;
0x20D6 0x2190
#0x20D6;COMBINING LEFT ARROW ABOVE;Mn;230;L;;;;;N;NON-SPACING LEFT ARROW ABOVE;;;;
0x20D7 0x2192
#0x20D7;COMBINING RIGHT ARROW ABOVE;Mn;230;L;;;;;N;NON-SPACING RIGHT ARROW ABOVE;;;;
0x20DB 0x2026
#0x20DB;COMBINING THREE DOTS ABOVE;Mn;230;L;;;;;N;NON-SPACING THREE DOTS ABOVE;;;;
#0x20DC;COMBINING FOUR DOTS ABOVE;Mn;230;L;;;;;N;NON-SPACING FOUR DOTS ABOVE;;;;
0x302A;IDEOGRAPHIC LEVEL TONE MARK;Mn;218;L;;;;;N;;;;;
0x302B;IDEOGRAPHIC RISING TONE MARK;Mn;228;L;;;;;N;;;;;
0x302C;IDEOGRAPHIC DEPARTING TONE MARK;Mn;232;L;;;;;N;;;;;
0x302D;IDEOGRAPHIC ENTERING TONE MARK;Mn;222;L;;;;;N;;;;;
0x302E;HANGUL SINGLE DOT TONE MARK;Mn;224;L;;;;;N;;;;;
0x302F;HANGUL DOUBLE DOT TONE MARK;Mn;224;L;;;;;N;;;;;
0x3099 0x309B
0x309A 0x309C
0xFE20;COMBINING LIGATURE LEFT HALF;Mn;230;ON;;;;;N;;;;;
0xFE21;COMBINING LIGATURE RIGHT HALF;Mn;230;ON;;;;;N;;;;;
0xFE22;COMBINING DOUBLE TILDE LEFT HALF;Mn;230;ON;;;;;N;;;;;
0xFE23;COMBINING DOUBLE TILDE RIGHT HALF;Mn;230;ON;;;;;N;;;;;
