.div UNDEF   int
.div UNDEF   markup
.div UNDEF   templates
.div UNDEF   treeedit
.div UNDEF   unicode
.div UNDEF   util
.div UNDEF   windows
.rem UNDEF   int
.rem UNDEF   markup
.rem UNDEF   templates
.rem UNDEF   unicode
.rem UNDEF   util
.rem UNDEF   windows
.udiv UNDEF   treeedit
.udiv UNDEF   windows
.umul UNDEF   int
.umul UNDEF   language
.umul UNDEF   templates
.umul UNDEF   treeedit
.umul UNDEF   unicode
.umul UNDEF   util
.umul UNDEF   windows
EventToKeyAndMode 7       keyboard
FifoClear 7       util
FifoDestroy 7       util
FifoMake 7       util
FifoPop 7       util
FifoPush 7       util
FilenametoUstr 7       unicode
FilenametoUstr UNDEF   documents
FilenametoUstr UNDEF   util
FreeList_clear 7       util
FreeList_fill 7       util
FreeList_free 7       util
FreeList_malloc 7       util
KeyToString 7       keyboard
LT_add_leaftree 7       language
LT_add_leaftree 7       util
LT_delete 7       language
LT_delete 7       util
LT_found_leaf 7       language
LT_found_leaf 7       util
LT_free 7       language
LT_free 7       util
LT_insert 7       language
LT_insert 7       util
LT_member 7       language
LT_member 7       util
LocaletoUstr 7       unicode
LocaletoUstr UNDEF   keyboard
LocaletoUstr UNDEF   language
LocaletoUstr UNDEF   util
LocaletoUstr UNDEF   windows
MapStrCopyInt 7       unicode
MapStrDestroyInt 7       unicode
MapStrLoadInt 7       unicode
MapStrSaveInt 7       unicode
MapUstrCopyInt 7       unicode
MapUstrDestroyInt 7       unicode
MapUstrLoadInt 7       unicode
MapUstrSaveInt 7       unicode
RegisterPaybackFunction 7       util
RemovePaybackFunction 7       util
StringToKey 7       keyboard
UConvDeFail 7       unicode
UConvDeLen 7       unicode
UConvDecode 7       unicode
UConvEnFail 7       unicode
UConvEnLen 7       unicode
UConvEncode 7       unicode
UConvGet 7       unicode
UConvGetID 7       unicode
UConvLoadDatabase 7       unicode
UConvLoadDatabase UNDEF   windows
UConvName 7       unicode
UTFcheck 7       unicode
UTFneedlen 7       unicode
UTFstrlen 7       unicode
UTFtoUstr 7       unicode
UTFtoUstr UNDEF   markup
Uindex 7       unicode
Ultostr 7       unicode
Ultostr UNDEF   templates
Ultostr UNDEF   windows
Urindex 7       unicode
Ustpcpy 7       unicode
Ustpncpy 7       unicode
Ustrcasecmp 7       unicode
Ustrcat 7       unicode
Ustrcat UNDEF   templates
Ustrcat UNDEF   windows
Ustrchr 7       unicode
Ustrcmp 7       unicode
Ustrcmp UNDEF   keyboard
Ustrcmp UNDEF   language
Ustrcmp UNDEF   string
Ustrcmp UNDEF   templates
Ustrcmp UNDEF   util
Ustrcmp UNDEF   windows
Ustrcpy 7       unicode
Ustrcpy UNDEF   keyboard
Ustrcpy UNDEF   language
Ustrcpy UNDEF   string
Ustrcpy UNDEF   templates
Ustrcpy UNDEF   util
Ustrcpy UNDEF   windows
Ustrcspn 7       unicode
Ustrdup 7       unicode
Ustrdup UNDEF   language
Ustrdup UNDEF   windows
Ustrerror 7       unicode
Ustrlen 7       unicode
Ustrlen UNDEF   documents
Ustrlen UNDEF   keyboard
Ustrlen UNDEF   language
Ustrlen UNDEF   string
Ustrlen UNDEF   templates
Ustrlen UNDEF   treeedit
Ustrlen UNDEF   util
Ustrlen UNDEF   windows
Ustrncasecmp 7       unicode
Ustrncat 7       unicode
Ustrncat UNDEF   templates
Ustrncat UNDEF   windows
Ustrncmp 7       unicode
Ustrncmp UNDEF   windows
Ustrncpy 7       unicode
Ustrncpy UNDEF   keyboard
Ustrncpy UNDEF   string
Ustrncpy UNDEF   templates
Ustrncpy UNDEF   windows
Ustrpbrk 7       unicode
Ustrrchr 7       unicode
Ustrrchr UNDEF   templates
Ustrrchr UNDEF   util
Ustrrchr UNDEF   windows
Ustrsep 7       unicode
Ustrsignal 7       unicode
Ustrspn 7       unicode
Ustrstr 7       unicode
UstrtoFilename 7       unicode
UstrtoFilename UNDEF   documents
UstrtoFilename UNDEF   language
UstrtoFilename UNDEF   templates
UstrtoFilename UNDEF   util
UstrtoFilename UNDEF   windows
UstrtoLocale 7       unicode
UstrtoLocale UNDEF   documents
UstrtoLocale UNDEF   int
UstrtoLocale UNDEF   output
UstrtoLocale UNDEF   string
UstrtoLocale UNDEF   util
UstrtoLocale UNDEF   windows
UstrtoUTF 7       unicode
Ustrtok 7       unicode
Ustrtol 7       unicode
Ustrtol UNDEF   windows
Uswapb 7       unicode
WM_DELETE_WINDOW 13      windows
WM_SAVE_YOURSELF 13      windows
XAllocColor UNDEF   windows
XAllocColorCells UNDEF   windows
XBell UNDEF   windows
XChangeProperty UNDEF   windows
XChangeWindowAttributes UNDEF   windows
XCheckMaskEvent UNDEF   windows
XClearArea UNDEF   windows
XClearWindow UNDEF   windows
XCloseDisplay UNDEF   windows
XConvertSelection UNDEF   windows
XCopyArea UNDEF   windows
XCreateBitmapFromData UNDEF   windows
XCreateColormap UNDEF   windows
XCreateFontCursor UNDEF   windows
XCreateGC UNDEF   windows
XCreateSimpleWindow UNDEF   windows
XCreateWindow UNDEF   windows
XDeleteProperty UNDEF   windows
XDestroyWindow UNDEF   windows
XDisplayName UNDEF   windows
XDrawLine UNDEF   windows
XDrawLines UNDEF   windows
XDrawRectangle UNDEF   windows
XDrawString UNDEF   windows
XDrawText16 UNDEF   windows
XEventsQueued UNDEF   windows
XFetchBytes UNDEF   windows
XFillPolygon UNDEF   windows
XFillRectangle UNDEF   windows
XFlush UNDEF   windows
XFree UNDEF   windows
XFreeColors UNDEF   windows
XFreeFontPath UNDEF   windows
XFreeGC UNDEF   windows
XGetErrorText UNDEF   windows
XGetFontPath UNDEF   windows
XGetGeometry UNDEF   windows
XGetSelectionOwner UNDEF   windows
XGetVisualInfo UNDEF   windows
XGetWindowProperty UNDEF   windows
XInternAtom UNDEF   windows
XKeysymToString UNDEF   keyboard
XLoadQueryFont UNDEF   unicode
XLookupString UNDEF   keyboard
XMapSubwindows UNDEF   windows
XMapWindow UNDEF   windows
XMaxRequestSize UNDEF   windows
XMoveWindow UNDEF   windows
XNextEvent UNDEF   windows
XOpenDisplay UNDEF   windows
XParseColor UNDEF   windows
XPeekEvent UNDEF   windows
XQueryPointer UNDEF   keyboard
XQueryPointer UNDEF   windows
XRaiseWindow UNDEF   windows
XRefreshKeyboardMapping UNDEF   keyboard
XRefreshKeyboardMapping UNDEF   windows
XResizeWindow UNDEF   windows
XSendEvent UNDEF   windows
XSetBackground UNDEF   windows
XSetCommand UNDEF   windows
XSetErrorHandler UNDEF   windows
XSetFont UNDEF   windows
XSetFontPath UNDEF   windows
XSetForeground UNDEF   windows
XSetIOErrorHandler UNDEF   windows
XSetSelectionOwner UNDEF   windows
XSetTransientForHint UNDEF   windows
XSetWMIconName UNDEF   windows
XSetWMName UNDEF   windows
XSetWMNormalHints UNDEF   windows
XSetWMProperties UNDEF   windows
XSetWMProtocols UNDEF   windows
XStoreColors UNDEF   windows
XStringListToTextProperty UNDEF   windows
XStringToKeysym UNDEF   keyboard
XUnmapWindow UNDEF   windows
XVisualIDFromVisual UNDEF   windows
_._10EditWindow 9       treeedit
_._10EditWindow UNDEF   editor.o
_._4Mark 9       treeedit
_._4Mark UNDEF   editor.o
_._4Node 9       treeedit
_._4Node UNDEF   editor.o
_._6Marker 9       treeedit
_._6Return 9       treeedit
_._6Select 9       treeedit
_._6Select UNDEF   editor.o
_10EditWindow.brk 14      treeedit
_10EditWindow.cf 14      treeedit
_10EditWindow.cs 14      treeedit
_10EditWindow.ewlist 14      treeedit
_10EditWindow.fill_column 14      treeedit
_10EditWindow.lspp 14      treeedit
_10EditWindow.search 14      treeedit
_10EditWindow.smart 14      treeedit
_10EditWindow.wasnewline 14      treeedit
_10EditWindow.wrap 14      treeedit
_10EditWindow.wrapped 14      treeedit
_10EditWindow.x 14      treeedit
_10EditWindow.y 14      treeedit
_DYNAMIC 10      documents
_DYNAMIC 10      keyboard
_DYNAMIC 10      language
_DYNAMIC 10      markup
_DYNAMIC 10      output
_DYNAMIC 10      templates
_DYNAMIC 10      unicode
_DYNAMIC 10      util
_DYNAMIC 10      windows
_DYNAMIC 12      treeedit
_DYNAMIC 9       int
_DYNAMIC 9       string
_GLOBAL_.D.ps 2       editor.o
_GLOBAL_.D.select_mode 9       treeedit
_GLOBAL_.I.ps 2       editor.o
_GLOBAL_.I.select_mode 9       treeedit
_GLOBAL_OFFSET_TABLE_ 11      treeedit
_GLOBAL_OFFSET_TABLE_ 8       int
_GLOBAL_OFFSET_TABLE_ 8       string
_GLOBAL_OFFSET_TABLE_ 9       documents
_GLOBAL_OFFSET_TABLE_ 9       keyboard
_GLOBAL_OFFSET_TABLE_ 9       language
_GLOBAL_OFFSET_TABLE_ 9       markup
_GLOBAL_OFFSET_TABLE_ 9       output
_GLOBAL_OFFSET_TABLE_ 9       templates
_GLOBAL_OFFSET_TABLE_ 9       unicode
_GLOBAL_OFFSET_TABLE_ 9       util
_GLOBAL_OFFSET_TABLE_ 9       windows
_PROCEDURE_LINKAGE_TABLE_ 10      int
_PROCEDURE_LINKAGE_TABLE_ 10      string
_PROCEDURE_LINKAGE_TABLE_ 11      documents
_PROCEDURE_LINKAGE_TABLE_ 11      keyboard
_PROCEDURE_LINKAGE_TABLE_ 11      language
_PROCEDURE_LINKAGE_TABLE_ 11      markup
_PROCEDURE_LINKAGE_TABLE_ 11      output
_PROCEDURE_LINKAGE_TABLE_ 11      templates
_PROCEDURE_LINKAGE_TABLE_ 11      unicode
_PROCEDURE_LINKAGE_TABLE_ 11      util
_PROCEDURE_LINKAGE_TABLE_ 11      windows
_PROCEDURE_LINKAGE_TABLE_ 13      treeedit
__10EditWindowPvii 9       treeedit
__10EditWindowPvii UNDEF   editor.o
__4Mark 9       treeedit
__4Mark UNDEF   editor.o
__4MarkP4NodeUi 9       treeedit
__4MarkRC4Mark 9       treeedit
__4MarkRC4Mark UNDEF   editor.o
__4NodePC4Node 9       treeedit
__4NodeUs 9       treeedit
__4NodeUs UNDEF   editor.o
__6Marker4Kind 9       treeedit
__6Return 9       treeedit
__6ReturnP4NodeUi 9       treeedit
__6ReturnRC4Mark 9       treeedit
__6ReturnRC4MarkUi 9       treeedit
__6Select 9       treeedit
__6Select UNDEF   editor.o
__as__4MarkP4Node 9       treeedit
__as__4MarkRC4Mark 9       treeedit
__as__6MarkerP4Node 9       treeedit
__as__6MarkerRC4Mark 9       treeedit
__as__6MarkerRC6Marker 9       treeedit
__as__6SelectRC4Mark 9       treeedit
__as__6SelectRC6Select 9       treeedit
__as__6SelectRC6Select UNDEF   editor.o
__builtin_delete UNDEF   treeedit
__builtin_new UNDEF   editor.o
__builtin_new UNDEF   treeedit
__cl__C4Marki 9       treeedit
__cl__C4NodeUi 9       treeedit
__ctype UNDEF   language
__ctype UNDEF   output
__ctype UNDEF   treeedit
__ctype UNDEF   unicode
__ctype UNDEF   util
__ctype UNDEF   windows
__eq__C4NodePCUs 9       treeedit
__eq__FRC4MarkT0 9       treeedit
__filbuf UNDEF   language
__filbuf UNDEF   treeedit
__flsbuf UNDEF   language
__iob UNDEF   keyboard
__iob UNDEF   language
__iob UNDEF   markup
__iob UNDEF   treeedit
__iob UNDEF   unicode
__iob UNDEF   util
__iob UNDEF   windows
__ml__C4Mark 9       treeedit
__ne__FRC4MarkT0 9       treeedit
__nt__C4Mark 9       treeedit
__opP4Node__C4Mark 9       treeedit
__rf__C4Mark 9       treeedit
_edata 11      int
_edata 11      string
_edata 12      documents
_edata 12      keyboard
_edata 12      language
_edata 12      markup
_edata 12      output
_edata 12      templates
_edata 12      unicode
_edata 12      util
_edata 12      windows
_edata 16      treeedit
_end 12      int
_end 12      string
_end 13      documents
_end 13      keyboard
_end 13      language
_end 13      markup
_end 13      output
_end 13      templates
_end 13      unicode
_end 13      util
_end 13      windows
_end 17      treeedit
_etext 10      treeedit
_etext 7       int
_etext 7       string
_etext 8       documents
_etext 8       keyboard
_etext 8       language
_etext 8       markup
_etext 8       output
_etext 8       templates
_etext 8       unicode
_etext 8       util
_etext 8       windows
_vt.4Mark 14      treeedit
_vt.6Marker 14      treeedit
above__4Node 9       treeedit
above__C4Mark 9       treeedit
add_file_ref 7       templates
add_file_ref UNDEF   windows
add_item 7       windows
add_markup_handler 7       markup
add_notation 7       templates
add_notation UNDEF   windows
add_parse_stack 2       editor.o
add_surrogate_handler 7       markup
add_type 7       language
add_version 7       templates
add_version UNDEF   windows
add_window 7       windows
adjust_mark__10EditWindowRC4Marki 9       treeedit
adjust_scrollbar__10EditWindow 9       treeedit
alarm UNDEF   windows
all_parens 14      treeedit
all_parens UNDEF   editor.o
allow_zips 7       util
append_editwindow 2       editor.o
append_editwindow UNDEF   windows
append_next_kill 2       editor.o
append_next_kill UNDEF   windows
append_node__10EditWindowP4Node 9       treeedit
append_node__10EditWindowP4Node UNDEF   editor.o
append_string__10EditWindowPUsUi 9       treeedit
append_string__10EditWindowPUsUi UNDEF   editor.o
append_structure 2       editor.o
append_structure UNDEF   windows
apply 2       editor.o
apply UNDEF   windows
apply__6SelectR6SelectT1 9       treeedit
apply__6SelectR6SelectT1 UNDEF   editor.o
arguments 13      documents
arguments UNDEF   windows
assign_expression 7       language
atoi UNDEF   windows
attribstack 12      windows
auto_save_window 7       templates
auto_save_window UNDEF   windows
autodouble 12      documents
autowordwrap 12      documents
backup__10EditWindowP4Node 9       treeedit
backup__10EditWindowP4Node UNDEF   editor.o
backupname 13      templates
backuptime 12      util
backward__6SelectUi 9       treeedit
backward__6SelectUi UNDEF   editor.o
backward_char 2       editor.o
backward_char UNDEF   windows
backward_kill_line 2       editor.o
backward_kill_line UNDEF   windows
backward_kill_word 2       editor.o
backward_kill_word UNDEF   windows
backward_line 2       editor.o
backward_line UNDEF   windows
backward_line__6SelectUi 9       treeedit
backward_line__6SelectUi UNDEF   editor.o
backward_remove_char 2       editor.o
backward_remove_char UNDEF   windows
backward_word 2       editor.o
backward_word UNDEF   windows
base__C4Mark 9       treeedit
before__6ReturnRC4MarkRi 9       treeedit
begin_of_buffer 2       editor.o
begin_of_buffer UNDEF   windows
begin_of_buffer__6Select 9       treeedit
begin_of_buffer__6Select UNDEF   editor.o
begin_of_line 2       editor.o
begin_of_line UNDEF   windows
begin_of_line__6Select 9       treeedit
begin_of_line__6Select UNDEF   editor.o
begins_with 7       util
begins_with UNDEF   templates
begins_with UNDEF   windows
black_pixel 13      windows
box_markup_init 7       markup
buffer_close 7       windows
buffer_iconized 12      documents
buffer_iconized UNDEF   windows
buffer_init 7       windows
buffer_is_open 12      documents
buffer_is_open UNDEF   windows
buffer_open 7       windows
buffer_set_number_of_lines 7       windows
buffer_set_number_of_lines UNDEF   treeedit
bufferfuncs 12      windows
build_menu 7       windows
button_height 13      windows
button_init 7       windows
button_make 7       windows
button_move 7       windows
button_stick 7       windows
button_width 7       windows
buttonfuncs 12      windows
calculate_expression 7       language
calculate_lazy_expression 7       language
calculate_lazy_expression UNDEF   keyboard
calculate_lazy_expression UNDEF   windows
call_auto_save 7       windows
call_function 7       language
call_layout_change 7       windows
call_user_function 7       language
calloc UNDEF   language
calloc UNDEF   util
can_auto_save 12      windows
can_be_raised__4Node 9       treeedit
can_rename__4NodePUs 9       treeedit
change_mapped 7       windows
change_to__4NodeUsUi 9       treeedit
change_visibility 7       windows
changed_notation 7       templates
changed_notation UNDEF   windows
char2Char 7       util
char_ascent 7       windows
char_descent 7       windows
char_latex 7       windows
char_latex UNDEF   output
char_latex_next 7       windows
char_left 7       windows
char_right 7       windows
char_width 7       windows
character_info 7       unicode
character_info UNDEF   windows
charstrcpy 7       util
charstrcpy UNDEF   windows
charstrlen 7       util
charstrlen UNDEF   treeedit
charstrlen UNDEF   windows
check__6Return 9       treeedit
check_find 2       editor.o
check_find UNDEF   windows
check_find_replace 2       editor.o
check_find_replace UNDEF   windows
check_ph__4NodeP4Node 9       treeedit
check_ph__4NodeP4Node UNDEF   editor.o
checkbox_connect 7       windows
checkbox_init 7       windows
checkbox_make 7       windows
checkbox_set 7       windows
checkbox_value 7       windows
checkboxfuncs 12      windows
class_hints 13      windows
clean_up__4Node 9       treeedit
clean_up__4Node UNDEF   editor.o
cleanup_filestack 7       documents
cleanup_filestack UNDEF   templates
cleanup_filestack UNDEF   windows
cleanup_nodestack 2       editor.o
cleanup_nodestack UNDEF   windows
cleanup_stencilstack 7       templates
cleanup_stencilstack UNDEF   windows
clear__10EditWindow 9       treeedit
clear__10EditWindow UNDEF   editor.o
clear_all_tabs__10EditWindow 9       treeedit
clear_all_tabs__10EditWindow UNDEF   editor.o
clear_eval_stack 7       language
clear_expr_stack 7       language
clear_file_ref 7       templates
clear_file_ref UNDEF   windows
clear_find_nr_rec__4Node 9       treeedit
clear_keymap 7       keyboard
clear_keymap UNDEF   language
clear_message 7       windows
clear_notation_window 7       templates
clear_notation_window UNDEF   windows
clear_parens 2       editor.o
clear_parens UNDEF   windows
clear_parens__6Select 9       treeedit
clear_parens__6Select UNDEF   editor.o
clear_replacestop__6Select 9       treeedit
clear_replacestop__6Select UNDEF   editor.o
clear_stack 2       editor.o
clear_stack UNDEF   windows
clear_stack__6Select 9       treeedit
clear_stack__6Select UNDEF   editor.o
clear_stack_and_use 2       editor.o
clear_stack_and_use UNDEF   windows
clear_stack_and_use__6Select 9       treeedit
clear_stack_and_use__6Select UNDEF   editor.o
clear_tab_positions 2       editor.o
clear_tab_positions UNDEF   windows
clear_tabs__10EditWindow 9       treeedit
clear_to_end_of_page 7       windows
clear_to_end_of_page UNDEF   treeedit
clear_window 2       editor.o
clear_window UNDEF   windows
close_display 7       windows
close_display UNDEF   treeedit
close_editwindow 2       editor.o
close_editwindow UNDEF   windows
close_file 7       util
close_file UNDEF   unicode
close_findwindow 2       editor.o
close_findwindow UNDEF   windows
close_miniwindow__Fv 2       editor.o
close_node 7       windows
close_node UNDEF   treeedit
close_parens__4Mark 9       treeedit
close_replacewindow 2       editor.o
close_replacewindow UNDEF   windows
close_save_state_file 7       windows
close_scratchwindow 2       editor.o
close_scratchwindow UNDEF   windows
close_tabbing 7       windows
close_tabbing UNDEF   output
closedir UNDEF   util
closedir UNDEF   windows
closeparen_insert 2       editor.o
closeparen_insert UNDEF   windows
closeparen_insert__6SelectUsUi 9       treeedit
closeparen_insert__6SelectUsUi UNDEF   editor.o
color_markup_init 7       markup
colorlist 13      windows
colormap 13      windows
combine__6SelectRC6Select 9       treeedit
combine__6SelectRC6Select UNDEF   editor.o
combine_expression 7       language
commute 2       editor.o
commute UNDEF   windows
commute__4NodeUiUi 9       treeedit
commute__6Select 9       treeedit
commute__6Select UNDEF   editor.o
concat 7       util
concat UNDEF   documents
concat UNDEF   templates
concat UNDEF   windows
concat_in 7       util
concat_in UNDEF   documents
concat_in UNDEF   templates
concat_in UNDEF   windows
cond_left__4Marki 9       treeedit
cond_right__4Marki 9       treeedit
contains__C6SelectRC4Mark 9       treeedit
contains__C6SelectRC6Select 9       treeedit
content_ref__4Node 9       treeedit
content_ref__4Node UNDEF   editor.o
convert_event 7       keyboard
convert_event UNDEF   windows
copy__C4NodeUiUi 9       treeedit
copy__C4NodeUiUi UNDEF   editor.o
copy__FR6SelectT0 9       treeedit
copy__FR6SelectT0 UNDEF   editor.o
copy_name__4Node 9       treeedit
copy_old__6SelectR6Select 9       treeedit
copy_region 2       editor.o
copy_region UNDEF   windows
create_needed_directories 7       windows
create_prototype 7       language
cs 3       editor.o
cursors 12      windows
cut__4NodeUiUi 9       treeedit
cut__4NodeUiUi UNDEF   editor.o
dbl_clck 14      treeedit
dbl_click 2       editor.o
dbl_click UNDEF   windows
dbl_click__6Select 9       treeedit
dbl_click__6Select UNDEF   editor.o
de_alias_node__4Node 9       treeedit
de_alias_tree__4Node 9       treeedit
decrease_spacing 2       editor.o
decrease_spacing UNDEF   windows
decrease_spacing__4NodeUi 9       treeedit
decrease_spacing__6SelectUi 9       treeedit
decrease_spacing__6SelectUi UNDEF   editor.o
default_character_info 7       unicode
default_close 7       windows
default_iconized 12      documents
default_iconized UNDEF   windows
default_ignore 12      keyboard
default_init 7       windows
default_is_open 12      documents
default_is_open UNDEF   windows
default_open 7       windows
default_update 7       windows
defaultfuncs 12      windows
define_function 7       language
define_function UNDEF   int
define_function UNDEF   string
define_function UNDEF   windows
define_global_variable 7       language
define_int_constant 7       language
define_key 7       keyboard
define_keyrange 7       keyboard
define_keyrange UNDEF   language
define_keysequence 7       keyboard
define_keysequence UNDEF   language
define_local_variable 7       language
define_operator 7       language
define_operator UNDEF   int
define_operator UNDEF   string
define_program_variable 7       language
define_program_variable UNDEF   string
define_program_variable UNDEF   windows
define_real_constant 7       language
define_string_constant 7       language
delete_copied_name__FPUs 9       treeedit
depth__C4Node 9       treeedit
destroy_local_names 7       language
destroy_pathinfo 7       util
destroy_pathinfo UNDEF   unicode
destroy_prototype 7       language
destroy_version 7       templates
destroy_version UNDEF   windows
destroy_window 7       windows
detect_margin 7       windows
detect_margin UNDEF   treeedit
display 13      windows
display_height 13      windows
display_left 2       editor.o
display_left UNDEF   windows
display_left__4NodeUi 9       treeedit
display_left__6SelectUi 9       treeedit
display_left__6SelectUi UNDEF   editor.o
display_right 2       editor.o
display_right UNDEF   windows
display_right__4NodeUi 9       treeedit
display_right__6SelectUi 9       treeedit
display_right__6SelectUi UNDEF   editor.o
display_tab 7       windows
display_width 13      windows
distribute 2       editor.o
distribute UNDEF   windows
distribute__4NodeUiUiP4NodeT3R4MarkT5 9       treeedit
distribute__6SelectR6SelectT1 9       treeedit
distribute__6SelectR6SelectT1 UNDEF   editor.o
dlclose UNDEF   language
dlerror UNDEF   language
dlopen UNDEF   language
dlsym UNDEF   language
do_full_test__10EditWindow 9       treeedit
do_nothing__10EditWindow 9       treeedit
do_one_line__10EditWindow 9       treeedit
do_search__10EditWindow 9       treeedit
do_shades__10EditWindow 9       treeedit
do_shades_noxor__10EditWindow 9       treeedit
do_test__10EditWindow 9       treeedit
do_test_noxor__10EditWindow 9       treeedit
do_visible__10EditWindow 9       treeedit
double_click 12      windows
down 2       editor.o
down UNDEF   windows
down__6Select 9       treeedit
down__6Select UNDEF   editor.o
downcase_word 2       editor.o
drag_time 12      windows
draw__10EditWindowPFv_vT1PFRC4Mark_vN23RC4MarkP6Returni 9       treeedit
draw_message 7       windows
dump_translation 7       util
e__10EditWindow 9       treeedit
edit_bad_end 7       windows
edit_close 7       windows
edit_fnr 12      templates
edit_fnr UNDEF   windows
edit_iconized 12      documents
edit_iconized UNDEF   windows
edit_init 7       windows
edit_is_open 12      documents
edit_is_open UNDEF   windows
edit_open 7       windows
edit_saved 7       windows
edit_set_number_of_lines 7       windows
edit_set_number_of_lines UNDEF   treeedit
edit_signal_to_proces 7       windows
edit_string_to_proces 7       windows
editfuncs 12      windows
editwindow_line 2       editor.o
editwindow_line UNDEF   windows
editwindow_topto 2       editor.o
editwindow_topto UNDEF   windows
empty_submap 7       unicode
end_of_buffer 2       editor.o
end_of_buffer UNDEF   windows
end_of_buffer__6Select 9       treeedit
end_of_buffer__6Select UNDEF   editor.o
end_of_line 2       editor.o
end_of_line UNDEF   windows
end_of_line__6Select 9       treeedit
end_of_line__6Select UNDEF   editor.o
endpwent UNDEF   util
error_node__4NodePUsi 9       treeedit
error_node__4NodePUsi UNDEF   editor.o
error_status 12      language
esrevart__4Mark 9       treeedit
eval_sequence 7       language
eval_sequence UNDEF   keyboard
eval_sequence UNDEF   windows
eventfunc 12      windows
exist_window 7       windows
exit UNDEF   language
exit UNDEF   windows
factorise 2       editor.o
factorise UNDEF   windows
factorise__4NodeUiUiP4NodeT3 9       treeedit
factorise__6SelectR6SelectT1 9       treeedit
factorise__6SelectR6SelectT1 UNDEF   editor.o
failure 12      util
failure UNDEF   templates
failure UNDEF   windows
fclose UNDEF   language
fclose UNDEF   templates
fclose UNDEF   util
fclose UNDEF   windows
fcopy__4NodeUiUiP4NodeUiUiRP4Node 9       treeedit
fgetBool__FP4FILE 9       treeedit
fgetChar__FP4FILE 9       treeedit
fgetIndex__FP4FILE 9       treeedit
fgetRune__FP4FILE 9       treeedit
fgetc UNDEF   documents
fgetc UNDEF   templates
fgetc UNDEF   treeedit
fgetc UNDEF   util
fgetc UNDEF   windows
fgets UNDEF   templates
fgets UNDEF   unicode
fgets UNDEF   util
fgets UNDEF   windows
file_size 7       util
file_size UNDEF   unicode
fileselc_init 7       windows
fileselc_open 7       windows
fileselcfuncs 12      windows
fill_find_nr__4NodePUsRUs 9       treeedit
find__4MarkPUsi 9       treeedit
find__6SelectPUs 9       treeedit
find__6SelectPUs UNDEF   editor.o
find_backward_stencil 2       editor.o
find_backward_stencil UNDEF   windows
find_backward_string 2       editor.o
find_backward_string UNDEF   windows
find_close 7       windows
find_iconized 12      documents
find_iconized UNDEF   windows
find_init 7       windows
find_is_open 12      documents
find_is_open UNDEF   windows
find_new_on_stack 2       editor.o
find_new_on_stack UNDEF   windows
find_next_on_stack 2       editor.o
find_next_on_stack UNDEF   windows
find_open 7       windows
find_prev_on_stack 2       editor.o
find_prev_on_stack UNDEF   windows
find_replace 2       editor.o
find_replace UNDEF   windows
find_replace__6SelectRC6SelectPUs 9       treeedit
find_replace__6SelectRC6SelectPUs UNDEF   editor.o
find_replace_stencil 2       editor.o
find_replace_stencil UNDEF   windows
find_replace_stencil__6SelectRC6SelectUi 9       treeedit
find_replace_stencil__6SelectRC6SelectUi UNDEF   editor.o
find_set_number_of_lines 7       windows
find_set_number_of_lines UNDEF   treeedit
find_stencil 2       editor.o
find_stencil UNDEF   windows
find_stencil__4MarkUi 9       treeedit
find_stencil__6SelectUi 9       treeedit
find_stencil__6SelectUi UNDEF   editor.o
find_string 2       editor.o
find_string UNDEF   windows
find_tree 2       editor.o
find_tree UNDEF   windows
find_tree__4MarkP4Node 9       treeedit
find_tree__6SelectP4Node 9       treeedit
find_tree__6SelectP4Node UNDEF   editor.o
findback__4MarkPUsi 9       treeedit
findback__6SelectPUs 9       treeedit
findback__6SelectPUs UNDEF   editor.o
findback_stencil__4MarkUi 9       treeedit
findback_stencil__6SelectUi 9       treeedit
findback_stencil__6SelectUi UNDEF   editor.o
findfuncs 12      windows
findnext__6SelectPUs 9       treeedit
findnext__6SelectPUs UNDEF   editor.o
findnext_replace 2       editor.o
findnext_replace UNDEF   windows
findnext_replace__6SelectRC6SelectPUs 9       treeedit
findnext_replace__6SelectRC6SelectPUs UNDEF   editor.o
findnext_replace_stencil 2       editor.o
findnext_replace_stencil UNDEF   windows
findnext_replace_stencil__6SelectRC6SelectUi 9       treeedit
findnext_replace_stencil__6SelectRC6SelectUi UNDEF   editor.o
findnext_stencil 2       editor.o
findnext_stencil UNDEF   windows
findnext_stencil__6SelectUi 9       treeedit
findnext_stencil__6SelectUi UNDEF   editor.o
findnext_string 2       editor.o
findnext_string UNDEF   windows
findpos__10EditWindowii 9       treeedit
findpos__10EditWindowii UNDEF   editor.o
findprev__6SelectPUs 9       treeedit
findprev__6SelectPUs UNDEF   editor.o
findprev_stencil 2       editor.o
findprev_stencil UNDEF   windows
findprev_stencil__6SelectUi 9       treeedit
findprev_stencil__6SelectUi UNDEF   editor.o
findprev_string 2       editor.o
findprev_string UNDEF   windows
findwindow 3       editor.o
findwindow UNDEF   treeedit
findwrap__6SelectPUs 9       treeedit
findwrap__6SelectPUs UNDEF   editor.o
findwrap_backward_stencil 2       editor.o
findwrap_backward_stencil UNDEF   windows
findwrap_backward_string 2       editor.o
findwrap_backward_string UNDEF   windows
findwrap_stencil 2       editor.o
findwrap_stencil UNDEF   windows
findwrap_stencil__6SelectUi 9       treeedit
findwrap_stencil__6SelectUi UNDEF   editor.o
findwrap_string 2       editor.o
findwrap_string UNDEF   windows
findwrapback__6SelectPUs 9       treeedit
findwrapback__6SelectPUs UNDEF   editor.o
findwrapback_stencil__6SelectUi 9       treeedit
findwrapback_stencil__6SelectUi UNDEF   editor.o
first__4Node 9       treeedit
first__4Node UNDEF   editor.o
first_node 2       editor.o
first_unused_find_nr__4Node 9       treeedit
flush 7       windows
font_ascent 7       windows
font_ascent_ar 13      windows
font_ascent_max 13      windows
font_change_attribute 7       unicode
font_change_attribute UNDEF   markup
font_change_attribute UNDEF   windows
font_closetex 7       windows
font_closetex UNDEF   output
font_descent 7       windows
font_descent_ar 13      windows
font_descent_max 13      windows
font_get_attribute 7       unicode
font_get_attribute UNDEF   windows
font_get_attributes 7       unicode
font_get_attributes UNDEF   windows
font_get_name 7       unicode
font_get_name UNDEF   markup
font_get_name UNDEF   windows
font_height 7       windows
font_height_ar 13      windows
font_height_max 13      windows
font_load_config 7       unicode
font_load_config UNDEF   windows
font_markup_init 7       markup
font_name 7       windows
font_openmathtex 7       windows
font_openmathtex UNDEF   output
font_opentexttex 7       windows
font_opentexttex UNDEF   output
font_set_attribute 7       unicode
font_set_attribute UNDEF   windows
font_set_attributes 7       unicode
font_set_attributes UNDEF   windows
font_set_system_data 7       unicode
font_set_system_data UNDEF   windows
font_width 7       windows
font_width_ar 13      windows
font_width_max 13      windows
fontattributes 13      windows
fontfile 12      documents
fontfile UNDEF   windows
fopen UNDEF   language
fopen UNDEF   templates
fopen UNDEF   util
fopen UNDEF   windows
forward__6SelectUi 9       treeedit
forward__6SelectUi UNDEF   editor.o
forward_char 2       editor.o
forward_char UNDEF   windows
forward_line 2       editor.o
forward_line UNDEF   windows
forward_line__6SelectUi 9       treeedit
forward_line__6SelectUi UNDEF   editor.o
forward_remove_char 2       editor.o
forward_remove_char UNDEF   windows
forward_word 2       editor.o
forward_word UNDEF   windows
forward_word__6Selecti 9       treeedit
forward_word__6Selecti UNDEF   editor.o
fprintf UNDEF   keyboard
fprintf UNDEF   language
fprintf UNDEF   markup
fprintf UNDEF   output
fprintf UNDEF   treeedit
fprintf UNDEF   unicode
fprintf UNDEF   util
fprintf UNDEF   windows
fputc UNDEF   documents
fputs UNDEF   documents
fputs UNDEF   output
fr_stack 3       editor.o
fread UNDEF   unicode
free UNDEF   language
free UNDEF   util
free_expression 7       language
free_fstate 7       util
free_fstate UNDEF   windows
free_int 7       util
free_int UNDEF   windows
free_notation_window 7       templates
free_notation_window UNDEF   windows
free_sequence 7       language
freeobjects 12      util
fscanf UNDEF   treeedit
fseek UNDEF   util
fstate_check 7       util
fstate_check UNDEF   windows
func_expression 7       language
func_selected__6SelectR6SelectT1 9       treeedit
fwrite UNDEF   unicode
fx_add 7       util
fx_add UNDEF   language
fx_add UNDEF   templates
fx_add UNDEF   windows
fx_clear 7       util
fx_clear UNDEF   language
fx_clear UNDEF   templates
fx_clear UNDEF   windows
fx_contains 7       util
fx_contains UNDEF   templates
fx_contains UNDEF   windows
fx_copy 7       util
fx_copy UNDEF   language
fx_init 7       util
fx_init UNDEF   templates
fx_init UNDEF   windows
fx_remove 7       util
fx_remove UNDEF   templates
fx_set 7       util
fx_switch 7       util
fx_switch UNDEF   templates
generalinfofile 12      windows
get_GC 7       windows
get_GCXor 7       windows
get_GC_font 7       windows
get_String 7       documents
get_String UNDEF   templates
get_ascii_node 2       editor.o
get_ascii_node UNDEF   documents
get_currentwd 7       util
get_currentwd UNDEF   windows
get_default_thinspace 7       windows
get_default_thinspace UNDEF   output
get_defaults 7       documents
get_display_delta 7       windows
get_display_delta UNDEF   output
get_document 7       documents
get_events 7       windows
get_findrep 2       editor.o
get_findrep UNDEF   documents
get_fonts 7       documents
get_input_string 7       keyboard
get_keyboard 7       documents
get_local_names 7       language
get_local_values 7       language
get_local_variables 7       language
get_locale 7       unicode
get_map 7       keyboard
get_map UNDEF   language
get_map UNDEF   windows
get_motion_hints 7       windows
get_next_buffer 7       unicode
get_next_filename 7       templates
get_next_filename UNDEF   windows
get_node 2       editor.o
get_node UNDEF   documents
get_notation_dirname 7       templates
get_notation_dirname UNDEF   windows
get_notation_filename 7       templates
get_notation_filename UNDEF   windows
get_notation_kind 7       templates
get_notation_kind UNDEF   windows
get_notation_nr 7       templates
get_notation_nr UNDEF   windows
get_notation_number 7       templates
get_notation_number UNDEF   windows
get_save_entry 7       windows
get_save_state_file 7       windows
get_smacro 7       documents
get_stack__4Node 9       treeedit
get_stack__4Node UNDEF   editor.o
get_stencil 7       templates
get_stencil UNDEF   documents
get_string 7       documents
get_string UNDEF   templates
get_subnode 2       editor.o
get_subnode_string 2       editor.o
get_symbol 7       documents
get_type 7       language
get_value 7       language
get_version 7       templates
get_version UNDEF   documents
get_window_type 7       windows
get_wm_selection 7       windows
getcwd UNDEF   util
getenv UNDEF   documents
getenv UNDEF   unicode
getenv UNDEF   util
getenv UNDEF   windows
getgid UNDEF   util
getgid UNDEF   windows
getpwnam UNDEF   util
getpwuid UNDEF   util
getsimpletabsize 7       windows
getuid UNDEF   util
getuid UNDEF   windows
goto_latex_line 2       editor.o
goto_latex_line UNDEF   windows
group_id 12      util
group_id UNDEF   windows
handle_key 7       keyboard
handle_key UNDEF   language
handle_key UNDEF   windows
handle_surro 7       markup
height__4Node 9       treeedit
height_of_line__10EditWindowiRiT2 9       treeedit
help_dirs 12      documents
help_dirs UNDEF   windows
helpname 12      documents
helpname UNDEF   windows
high_surro 7       markup
homedir 12      documents
homedir UNDEF   windows
icon_pixmap 13      windows
iconic 12      windows
id_font__4Node 9       treeedit
id_font__6Select 9       treeedit
id_font__6Select UNDEF   editor.o
include__6SelectP4FILE 9       treeedit
include_ascii__10EditWindow 9       treeedit
include_ascii__10EditWindow UNDEF   editor.o
include_ascii__6Select 9       treeedit
include_ascii__6Select UNDEF   editor.o
include_editwindow 2       editor.o
include_editwindow UNDEF   windows
include_selection 2       editor.o
include_selection UNDEF   windows
incorrect_tree 7       language
incorrect_tree 7       util
increase_spacing 2       editor.o
increase_spacing UNDEF   windows
increase_spacing__4NodeUi 9       treeedit
increase_spacing__6SelectUi 9       treeedit
increase_spacing__6SelectUi UNDEF   editor.o
init_all 7       windows
init_library 6       int
init_library 6       string
insert__4NodeUi 9       treeedit
insert__4NodeUiUsUi 9       treeedit
insert__4NodeUiUsUi UNDEF   editor.o
insert__6SelectUsUi 9       treeedit
insert__6SelectUsUi UNDEF   editor.o
insert_char 2       editor.o
insert_char UNDEF   windows
insert_disp 2       editor.o
insert_disp UNDEF   windows
insert_expr 2       editor.o
insert_expr UNDEF   windows
insert_hard_newline 2       editor.o
insert_hard_newline UNDEF   windows
insert_id 2       editor.o
insert_id UNDEF   windows
insert_list__FUi 2       editor.o
insert_ltab__FUi 2       editor.o
insert_newline 2       editor.o
insert_newline UNDEF   windows
insert_notation 2       editor.o
insert_notation UNDEF   windows
insert_op 2       editor.o
insert_op UNDEF   windows
insert_poptabs__FUi 2       editor.o
insert_pushtabs__FUi 2       editor.o
insert_rtab 2       editor.o
insert_rtab UNDEF   windows
insert_settab__FUi 2       editor.o
insert_stencil__6SelectUi 9       treeedit
insert_stencil__6SelectUi UNDEF   editor.o
insert_string 2       editor.o
insert_string UNDEF   windows
insert_string__4NodeUiPUsUi 9       treeedit
insert_string__6SelectPUs 9       treeedit
insert_string__6SelectPUs UNDEF   editor.o
insert_symbol 2       editor.o
insert_symbol UNDEF   windows
insert_tabminus__FUi 2       editor.o
insert_tabplus__FUi 2       editor.o
insert_text 2       editor.o
insert_text UNDEF   windows
insert_var 2       editor.o
insert_var UNDEF   windows
int_cmp 7       util
int_cmp UNDEF   language
int_cmp UNDEF   templates
int_cmp UNDEF   windows
into__6Select 9       treeedit
is_click 12      windows
is_directory 7       util
is_directory UNDEF   windows
is_drag 7       windows
itemlist 12      windows
join_parse_stack 2       editor.o
join_selections 2       editor.o
join_selections UNDEF   windows
join_stack__4Node 9       treeedit
join_stack__4Node UNDEF   editor.o
keyboard_init 7       keyboard
keyboard_init UNDEF   windows
keypath 12      documents
keypath UNDEF   windows
kill UNDEF   windows
kill__6Selecti 9       treeedit
kill__6Selecti UNDEF   editor.o
kill_line 2       editor.o
kill_line UNDEF   windows
kill_line__6Selecti 9       treeedit
kill_line__6Selecti UNDEF   editor.o
kill_region 2       editor.o
kill_region UNDEF   windows
kill_word 2       editor.o
kill_word UNDEF   windows
kill_word__6Selecti 9       treeedit
kill_word__6Selecti UNDEF   editor.o
killnode 3       editor.o
killnode UNDEF   treeedit
kind__C6Marker 9       treeedit
kind_description 7       templates
kind_description UNDEF   windows
kind_of_remark 12      windows
lang_markup_init 7       markup
last__4Node 9       treeedit
last__4Node UNDEF   editor.o
last_node 2       editor.o
last_time 12      windows
last_used_find_nr__4Node 9       treeedit
last_window 7       templates
last_window UNDEF   windows
lastkilled 3       editor.o
lastkilled UNDEF   treeedit
latex__4NodeUiUi 9       treeedit
latex__4NodeUiUi UNDEF   editor.o
latex__6Select 9       treeedit
latex__6Select UNDEF   editor.o
latex_all_parens 2       editor.o
latex_all_parens UNDEF   windows
latex_editwindow 2       editor.o
latex_editwindow UNDEF   windows
latex_line__4NodeRUi 9       treeedit
latex_line__6SelectRUi 9       treeedit
latex_line__6SelectRUi UNDEF   editor.o
latex_line_unit 13      documents
latex_line_unit UNDEF   output
latex_line_unit UNDEF   windows
latex_node 2       editor.o
latex_selection 2       editor.o
latex_selection UNDEF   windows
latex_side 12      documents
latex_side UNDEF   output
latex_side UNDEF   windows
latex_space_unit 13      documents
latex_space_unit UNDEF   output
latex_space_unit UNDEF   windows
latex_tab_unit 13      documents
latex_tab_unit UNDEF   output
latex_tab_unit UNDEF   windows
latex_text_only 2       editor.o
latex_text_only UNDEF   windows
latexdir 12      documents
latexdir UNDEF   windows
latexselection 12      windows
left__C4Mark 9       treeedit
left__C4Node 9       treeedit
left_of__4NodeUi 9       treeedit
left_on_stack 7       language
lex_open_file 7       language
lex_open_file UNDEF   windows
lex_open_string 7       language
line_height 7       windows
line_height UNDEF   treeedit
line_number 2       editor.o
line_number UNDEF   windows
line_space 12      documents
line_space UNDEF   windows
lines__4Node 9       treeedit
lines__4Node UNDEF   editor.o
link UNDEF   util
link__6Marker 9       treeedit
link_left__6ReturnRC4Mark 9       treeedit
link_right__6ReturnRC4Mark 9       treeedit
load__4NodePUsPii 9       treeedit
load__4NodePUsPii UNDEF   editor.o
load_ascii__10EditWindow 9       treeedit
load_ascii__10EditWindow UNDEF   editor.o
load_ascii__4NodePUsPii 9       treeedit
load_ascii__4NodePUsPii UNDEF   editor.o
load_editwindow 2       editor.o
load_editwindow UNDEF   windows
load_keypath 7       windows
load_library 7       language
load_notation_filenames 7       templates
load_notation_filenames UNDEF   windows
load_notation_window 7       templates
load_notation_window UNDEF   windows
load_project 7       windows
load_stencil 7       templates
load_stencil UNDEF   treeedit
lock_stencil 7       templates
lock_stencil UNDEF   treeedit
lookup_arg_type 7       language
lookup_function 7       language
lookup_int_constant 7       language
lookup_real_constant 7       language
lookup_string_constant 7       language
lookup_user_function 7       language
lookup_variable 7       language
lower__6Select 9       treeedit
lower__6Select UNDEF   editor.o
lower_region 2       editor.o
lower_region UNDEF   windows
lsp__10EditWindow 9       treeedit
m__10EditWindow 9       treeedit
mainbufferfuncs 12      windows
maineditfuncs 12      windows
mainnotationfuncs 12      windows
make_backup 7       util
make_defaults 7       windows
make_defaults UNDEF   documents
make_expression 7       language
make_fstate 7       util
make_fstate UNDEF   windows
make_info 7       templates
make_lazy_expression 7       language
make_list_insert 2       editor.o
make_list_insert UNDEF   windows
make_list_insert__6SelectUsUi 9       treeedit
make_list_insert__6SelectUsUi UNDEF   editor.o
make_node 2       editor.o
make_notation_popup 7       windows
make_pathinfo 7       util
make_pathinfo UNDEF   unicode
make_prototype 7       language
make_prototype UNDEF   int
make_prototype UNDEF   string
make_prototype UNDEF   windows
make_size_version 7       templates
make_size_version UNDEF   windows
make_value_prototype 7       language
make_visible__10EditWindowRC4Mark 9       treeedit
make_visible__6Select 9       treeedit
make_visible__6Select UNDEF   editor.o
malloc UNDEF   language
malloc UNDEF   util
markup_init 7       markup
match__4NodeP4NodeT1RP4NodeRUiT4 9       treeedit
match_format_or_make 7       templates
match_format_or_make UNDEF   treeedit
match_tree__4NodeP4NodeUiPP4NodePUs 9       treeedit
matches__4NodePUsUiUi 9       treeedit
matches_prototype 7       language
max_preced__4Node 9       treeedit
maximize_version 7       templates
maximize_version UNDEF   windows
may_be_raised__4Node 9       treeedit
memcmp UNDEF   unicode
memcpy UNDEF   language
memcpy UNDEF   unicode
memcpy UNDEF   util
memcpy UNDEF   windows
memset UNDEF   language
memset UNDEF   unicode
memset UNDEF   windows
menu_bad_end 7       windows
menu_close 7       windows
menu_iconized 12      documents
menu_iconized UNDEF   windows
menu_init 7       windows
menu_is_open 12      documents
menu_is_open UNDEF   windows
menu_keyboard 7       windows
menu_open 7       windows
menu_set_command 7       windows
menufuncs 12      windows
message 7       windows
message UNDEF   templates
message UNDEF   treeedit
message2 7       windows
message2 UNDEF   templates
message_time 12      windows
min_preced__4Node 9       treeedit
minimize_version 7       templates
minimize_version UNDEF   windows
miniwindow 3       editor.o
miniwindow UNDEF   treeedit
missing_font 7       windows
mkdir UNDEF   windows
mm_calloc 7       util
mm_free 7       util
mm_malloc 7       util
mm_realloc 7       util
more_keys 7       windows
more_keys UNDEF   editor.o
motion_get_pos 7       windows
motion_set 12      windows
motion_wait 12      windows
motion_window 12      windows
mouse_button 12      windows
mouse_down 2       editor.o
mouse_down UNDEF   windows
mouse_move 2       editor.o
mouse_move UNDEF   windows
mouse_press 7       windows
mouse_release 7       windows
mouse_up 2       editor.o
mouse_up UNDEF   windows
move_content_down 7       windows
move_content_down UNDEF   treeedit
move_content_up 7       windows
move_content_up UNDEF   treeedit
move_nota_left 7       templates
move_nota_left UNDEF   windows
move_nota_right 7       templates
move_nota_right UNDEF   windows
move_selection 14      treeedit
move_selection UNDEF   windows
move_to_center 2       editor.o
move_to_center UNDEF   windows
move_to_center__6Select 9       treeedit
move_to_center__6Select UNDEF   editor.o
multi_drag 7       keyboard
multi_press 7       keyboard
multi_release 7       keyboard
must_underline 7       windows
mycalloc 7       util
myfree 7       util
myfree UNDEF   documents
myfree UNDEF   keyboard
myfree UNDEF   language
myfree UNDEF   output
myfree UNDEF   templates
myfree UNDEF   treeedit
myfree UNDEF   unicode
myfree UNDEF   windows
mymalloc 7       util
mymalloc UNDEF   documents
mymalloc UNDEF   keyboard
mymalloc UNDEF   language
mymalloc UNDEF   markup
mymalloc UNDEF   output
mymalloc UNDEF   string
mymalloc UNDEF   templates
mymalloc UNDEF   treeedit
mymalloc UNDEF   unicode
mymalloc UNDEF   windows
myrealloc 7       util
myrealloc UNDEF   documents
myrealloc UNDEF   language
myrealloc UNDEF   templates
myrealloc UNDEF   treeedit
myrealloc UNDEF   unicode
mystrlen 7       util
mystrtoi 7       util
n_cursors 12      windows
name_file 7       util
new_fontfile 7       windows
new_id_font 2       editor.o
new_id_font__4Nodei 9       treeedit
new_id_font__6SelectUi 9       treeedit
new_id_font__6SelectUi UNDEF   editor.o
new_local_variables 7       language
new_notation_window 7       templates
new_notation_window UNDEF   windows
new_number 7       templates
new_number UNDEF   windows
new_version 2       editor.o
new_version UNDEF   windows
new_version__4Nodei 9       treeedit
new_version__6SelectUi 9       treeedit
new_version__6SelectUi UNDEF   editor.o
next__4Node 9       treeedit
next__C6Marker 9       treeedit
next_data_with_type 7       windows
next_id_font 7       windows
next_id_font UNDEF   treeedit
next_node__4Node 9       treeedit
next_node_insert 2       editor.o
next_node_insert UNDEF   windows
next_node_insert__6SelectUsUi 9       treeedit
next_node_insert__6SelectUsUi UNDEF   editor.o
next_node_or_insert 2       editor.o
next_node_or_insert UNDEF   windows
next_node_or_insert__6SelectUsUi 9       treeedit
next_node_or_insert__6SelectUsUi UNDEF   editor.o
next_node_or_text__6Select 9       treeedit
next_node_or_text__6Select UNDEF   editor.o
next_node_or_text__FUi 2       editor.o
next_text__4Node 9       treeedit
nextline__4Mark 9       treeedit
nnr_vnr2innr 7       templates
nnr_vnr2innr UNDEF   windows
no_dbl_click__6Select 9       treeedit
no_dbl_click__6Select UNDEF   editor.o
node_notation 2       editor.o
non_zero_on_stack 7       language
normal_identifier__C4Node 9       treeedit
notadef_close 7       windows
notadef_iconized 12      documents
notadef_iconized UNDEF   windows
notadef_init 7       windows
notadef_is_open 12      documents
notadef_is_open UNDEF   windows
notadef_keyboard 7       windows
notadef_open 7       windows
notadef_raise 7       windows
notadef_rename 7       windows
notadeffuncs 12      windows
notation__4NodeUi 9       treeedit
notation_confirm_backup 7       windows
notation_iconized 12      documents
notation_iconized UNDEF   windows
notation_init 7       windows
notation_is_open 12      documents
notation_is_open UNDEF   windows
notation_last 7       windows
notation_move_begin 7       windows
notation_move_end 7       windows
notation_move_left 7       windows
notation_move_right 7       windows
notation_not_saved 7       templates
notation_not_saved UNDEF   windows
notation_nr__4NodePi 9       treeedit
notation_nr__4NodePi UNDEF   editor.o
notation_nr__6SelectPi 9       treeedit
notation_nr__6SelectPi UNDEF   editor.o
notation_open 7       windows
notation_precedence 12      documents
notation_precedence UNDEF   windows
notation_version 7       windows
notation_with_name 7       templates
notation_with_name UNDEF   windows
notation_with_number 7       templates
notation_with_number UNDEF   windows
notationdir 12      documents
notationdir UNDEF   templates
notationdir UNDEF   windows
notationfuncs 12      windows
notatype_init 7       templates
notatype_init UNDEF   windows
nowindowfunc 12      windows
nr_help_dirs 12      documents
nr_help_dirs UNDEF   windows
nr_visible 7       templates
nr_visible UNDEF   windows
number_empty__4Node 9       treeedit
number_of_arguments 13      documents
number_of_arguments UNDEF   windows
number_of_lines 2       editor.o
old_include__10EditWindowP4FILE 9       treeedit
old_include__10EditWindowP4FILE UNDEF   editor.o
old_include_editwindow 2       editor.o
old_include_editwindow UNDEF   windows
old_load__10EditWindowP4FILE 9       treeedit
old_load__10EditWindowP4FILE UNDEF   editor.o
old_load__4NodeP4FILE 9       treeedit
old_load_editwindow 2       editor.o
old_load_editwindow UNDEF   windows
old_old_load__4NodeP4FILE 9       treeedit
oldtonew 7       documents
oldtonew UNDEF   treeedit
open_dirfile 7       util
open_dirfile UNDEF   templates
open_dirfile UNDEF   windows
open_display 7       windows
open_display UNDEF   treeedit
open_editwindow 2       editor.o
open_editwindow UNDEF   windows
open_file 7       util
open_file UNDEF   unicode
open_findwindow 2       editor.o
open_findwindow UNDEF   windows
open_helpfile 7       windows
open_message_window 7       windows
open_miniwindow 2       editor.o
open_miniwindow UNDEF   windows
open_node 7       windows
open_node UNDEF   treeedit
open_program 7       windows
open_replacewindow 2       editor.o
open_replacewindow UNDEF   windows
open_scratchwindow 2       editor.o
open_scratchwindow UNDEF   windows
open_tabbing 7       windows
open_tabbing UNDEF   output
open_temporary_file 7       windows
opendir UNDEF   util
opendir UNDEF   windows
openparen_insert 2       editor.o
openparen_insert UNDEF   windows
openparen_insert__6SelectUsUi 9       treeedit
openparen_insert__6SelectUsUi UNDEF   editor.o
ops 3       editor.o
ops UNDEF   treeedit
opspace 7       windows
opspace__4Nodei 9       treeedit
other_window 2       editor.o
out_bold 7       windows
out_char 7       windows
out_char UNDEF   output
out_char UNDEF   treeedit
out_char_bold 7       windows
out_char_bold UNDEF   output
out_char_string 7       windows
out_char_string UNDEF   output
out_clear 7       windows
out_cursor 7       windows
out_cursor UNDEF   treeedit
out_cursor_select 7       windows
out_index 7       windows
out_index UNDEF   treeedit
out_latex_char 7       output
out_latex_char UNDEF   treeedit
out_latex_char UNDEF   windows
out_message 7       windows
out_message_curs 7       windows
out_permanent_message 7       windows
out_stack__10EditWindowRC4Mark 9       treeedit
out_string 7       windows
out_text_delim 7       windows
out_text_delim UNDEF   treeedit
output_init 7       windows
output_mode 12      windows
output_mode UNDEF   output
overlap__FRC6SelectT0 9       treeedit
pagelist 13      windows
parse_error__4NodePUsi 9       treeedit
parse_input 7       language
parse_input UNDEF   windows
parse_key 7       keyboard
parse_key UNDEF   language
parsed_node__4NodeUsPUsiii 9       treeedit
parsed_node__4NodeUsPUsiii UNDEF   editor.o
paste__4NodeUiP4Node 9       treeedit
paste__4NodeUiP4Node UNDEF   editor.o
pclose UNDEF   util
poll__4Node 9       treeedit
poll__4Node UNDEF   editor.o
pop_attributes 7       windows
pop_eval_stack 7       language
pop_hidden 7       documents
pop_hidden UNDEF   templates
pop_hidden UNDEF   treeedit
pop_int 7       util
pop_int UNDEF   templates
pop_int UNDEF   windows
pop_keymap 7       keyboard
pop_keymap UNDEF   windows
pop_local_variables 7       language
pop_math_pref 7       output
pop_math_pref UNDEF   windows
popen UNDEF   util
popup_add_line 7       language
popup_add_line UNDEF   windows
popup_add_separator 7       language
popup_add_submenu 7       language
popup_call_default 7       windows
popup_define 7       language
popup_define UNDEF   windows
popup_direction 7       language
popup_init 7       windows
popup_make 7       windows
popup_make_default 7       language
popup_map 7       windows
popup_pinable 7       language
popup_pinable UNDEF   windows
popup_remove 7       windows
popup_set_title 7       language
popup_store 7       language
popup_unmap 7       windows
popupfuncs 12      windows
position 7       templates
position UNDEF   treeedit
press_state 12      windows
press_time 12      windows
pressedkey 12      keyboard
pressedkey UNDEF   windows
prevline__4Mark 9       treeedit
print__6Return 9       treeedit
print_key 7       keyboard
print_key UNDEF   windows
print_surro 7       markup
print_tree 7       language
print_tree 7       util
printf UNDEF   int
printf UNDEF   language
printf UNDEF   string
printf UNDEF   unicode
printf UNDEF   util
progname 12      documents
progname UNDEF   windows
program_dir 12      documents
program_dir UNDEF   windows
program_fontfilename 12      documents
program_keypath 12      documents
program_keypath UNDEF   windows
program_latexdir 12      documents
program_notationdir 12      documents
program_notationdir UNDEF   templates
program_notationdir UNDEF   windows
project_name 12      windows
proto_add_to_database 7       language
proto_function 7       language
proto_user 7       language
protocol 13      windows
protoinit 7       language
protopredef 12      language
ps 3       editor.o
ps UNDEF   treeedit
ps_id_font 2       editor.o
ps_id_font UNDEF   windows
ps_notation 2       editor.o
push_attributes 7       windows
push_eval_stack 7       language
push_hidden 7       documents
push_hidden UNDEF   templates
push_hidden UNDEF   treeedit
push_int 7       util
push_int UNDEF   templates
push_int UNDEF   windows
push_keymap 7       keyboard
push_keymap UNDEF   language
push_keymap UNDEF   windows
push_local_variables 7       language
push_math_pref 7       output
push_math_pref UNDEF   windows
push_temporary_keymap 7       keyboard
push_temporary_keymap UNDEF   windows
put_Char 7       documents
put_Char UNDEF   templates
put_Char UNDEF   treeedit
put_String 7       documents
put_String UNDEF   templates
put_char 7       documents
put_char UNDEF   templates
put_char UNDEF   treeedit
put_end_struct 7       documents
put_end_struct UNDEF   editor.o
put_end_struct UNDEF   templates
put_end_struct UNDEF   treeedit
put_filecode 7       documents
put_filecode UNDEF   templates
put_filecode UNDEF   windows
put_findrep 2       editor.o
put_findrep UNDEF   windows
put_integer 7       documents
put_integer UNDEF   templates
put_mark 7       windows
put_mark UNDEF   treeedit
put_string 7       documents
put_struct 7       documents
put_struct UNDEF   editor.o
put_struct UNDEF   templates
put_struct UNDEF   treeedit
putenv UNDEF   documents
putenv UNDEF   windows
pvs_add_keyword UNDEF   windows
pvs_after_init UNDEF   windows
pvs_check_hint UNDEF   windows
pvs_context_dir UNDEF   windows
pvs_hint_file UNDEF   windows
pvs_in_checker UNDEF   windows
pvs_lemma_name UNDEF   windows
pvs_start UNDEF   windows
qsort UNDEF   util
quit_sequence 12      windows
raise__6Select 9       treeedit
raise__6Select UNDEF   editor.o
raise_node 2       editor.o
raise_node UNDEF   windows
read_dir_contents 7       util
read_dir_contents UNDEF   windows
read_file 7       documents
read_file UNDEF   templates
read_file UNDEF   windows
readdir UNDEF   util
realloc UNDEF   language
realloc UNDEF   util
recalc_at_line__10EditWindow 9       treeedit
recalc_at_line__10EditWindow UNDEF   editor.o
recalc_lineheight__10EditWindow 9       treeedit
recalc_lineheight__10EditWindow UNDEF   editor.o
recenter 2       editor.o
recenter UNDEF   windows
recenter__10EditWindowRC4Mark 9       treeedit
recenter__6Select 9       treeedit
recenter__6Select UNDEF   editor.o
redraw_between__10EditWindowii 9       treeedit
redraw_cursor__10EditWindowP6SelectPFv_v 9       treeedit
redraw_cursor__10EditWindowP6SelectPFv_v UNDEF   editor.o
redraw_cursor_noxor__10EditWindowP6SelectPFv_v 9       treeedit
redraw_cursor_xor__10EditWindowP6SelectPFv_v 9       treeedit
redraw_end_page__10EditWindowi 9       treeedit
redraw_end_page__10EditWindowi UNDEF   editor.o
redraw_full__10EditWindow 9       treeedit
redraw_full__10EditWindow UNDEF   editor.o
redraw_line__10EditWindowi 9       treeedit
redraw_line__10EditWindowi UNDEF   editor.o
redraw_window 2       editor.o
redraw_window UNDEF   windows
refresh_all 7       windows
rehash_pathinfo 7       util
release_time 12      windows
remark_iconized 12      documents
remark_iconized UNDEF   windows
remark_init 7       windows
remark_is_open 12      documents
remark_is_open UNDEF   windows
remark_make 7       windows
remark_no_button 12      windows
remark_raise 7       windows
remark_removable 7       windows
remark_unmap 7       windows
remarkfuncs 12      windows
remove__4NodeUiUi 9       treeedit
remove__4NodeUiUi UNDEF   editor.o
remove__4NodeUii 9       treeedit
remove__6Selecti 9       treeedit
remove__6Selecti UNDEF   editor.o
remove_cursor 7       windows
remove_double 7       templates
remove_double_chars 2       editor.o
remove_double_chars UNDEF   windows
remove_double_chars__6Select 9       treeedit
remove_double_chars__6Select UNDEF   editor.o
remove_double_file 7       templates
remove_double_file UNDEF   windows
remove_double_template 7       templates
remove_double_template UNDEF   windows
remove_file 7       util
remove_file UNDEF   templates
remove_file UNDEF   windows
remove_find_stack 2       editor.o
remove_find_stack UNDEF   windows
remove_int 7       util
remove_int UNDEF   templates
remove_multiple_files 7       templates
remove_multiple_files UNDEF   windows
remove_notation 7       templates
remove_notation UNDEF   windows
remove_region 2       editor.o
remove_region UNDEF   windows
remove_version 7       templates
remove_version UNDEF   windows
remove_wait_cursor 7       windows
remove_window 7       windows
rename__4NodeUiUiPUsiT3i 9       treeedit
rename__6SelectR6SelectT1 9       treeedit
rename__6SelectR6SelectT1 UNDEF   editor.o
rename_id 2       editor.o
rename_id UNDEF   windows
rename_notation_window 7       templates
rename_notation_window UNDEF   windows
replace__4NodeUiP4Node 9       treeedit
replace__6SelectPUsT1 9       treeedit
replace__6SelectPUsT1 UNDEF   editor.o
replace_all 2       editor.o
replace_all UNDEF   windows
replace_all_notation 2       editor.o
replace_all_notation UNDEF   windows
replace_all_tree 2       editor.o
replace_all_tree UNDEF   windows
replace_notation 2       editor.o
replace_notation UNDEF   windows
replace_notation__4NodeUiUi 9       treeedit
replace_notation__6SelectUiUi 9       treeedit
replace_notation__6SelectUiUi UNDEF   editor.o
replace_string 2       editor.o
replace_string UNDEF   windows
replace_tree 2       editor.o
replace_tree UNDEF   windows
replace_tree__4NodeP4NodeT1Ui 9       treeedit
replace_tree__6SelectP4NodeT1 9       treeedit
replace_tree__6SelectP4NodeT1 UNDEF   editor.o
replace_tree_all__6SelectP4NodeT1 9       treeedit
replace_tree_all__6SelectP4NodeT1 UNDEF   editor.o
replaces__4NodeP4Node 9       treeedit
replacestr__4NodePUsUiT1UiUi 9       treeedit
replacewindow 3       editor.o
replacewindow UNDEF   treeedit
reset_spacing 2       editor.o
reset_spacing UNDEF   windows
reset_spacing__4Node 9       treeedit
reset_spacing__6Select 9       treeedit
reset_spacing__6Select UNDEF   editor.o
reshuffle 7       util
resize_window 2       editor.o
resize_window UNDEF   windows
restore__6SelectG4MarkT1 9       treeedit
restore__6SelectG4MarkT1 UNDEF   editor.o
restore__6SelectRC4Mark 9       treeedit
restore__6SelectRC4Mark UNDEF   editor.o
restype_function 7       language
restype_user_function 7       language
rewind UNDEF   windows
right__C4Mark 9       treeedit
right__C4Node 9       treeedit
right__C4Node UNDEF   editor.o
right_of__4NodeUi 9       treeedit
root_window 13      windows
run_sequence 7       language
s__10EditWindow 9       treeedit
save__10EditWindow 9       treeedit
save__10EditWindow UNDEF   editor.o
save__4Node 9       treeedit
save__4Node UNDEF   editor.o
save_defaults 7       windows
save_editwindow 2       editor.o
save_editwindow UNDEF   windows
save_minute 12      windows
save_notation_window 7       templates
save_notation_window UNDEF   windows
save_project 7       windows
save_stencil 7       templates
save_stencil UNDEF   treeedit
save_time 12      windows
saved_chars 12      windows
saved_chars UNDEF   editor.o
saved_notation_file 7       templates
saved_notation_file UNDEF   windows
saveonexit 12      documents
scratchwindow 3       editor.o
scratchwindow UNDEF   treeedit
screen_num 13      windows
screen_space 12      documents
screen_space UNDEF   windows
screen_tab 12      documents
screen_tab UNDEF   windows
scroll_down 2       editor.o
scroll_down UNDEF   windows
scroll_down__10EditWindowUi 9       treeedit
scroll_down__10EditWindowUi UNDEF   editor.o
scroll_up 2       editor.o
scroll_up UNDEF   windows
scroll_up__10EditWindowUi 9       treeedit
scroll_up__10EditWindowUi UNDEF   editor.o
scrollbar_init 7       windows
scrollbar_line 7       windows
scrollbar_linesize 7       windows
scrollbar_make 7       windows
scrollbar_move 7       windows
scrollbar_resize 7       windows
scrollbar_set 7       windows
scrollbarfuncs 12      windows
search__4NodeUi6Opkind 9       treeedit
search_file 7       util
search_label__4NodePUs 9       treeedit
search_new_version__4Node 9       treeedit
search_through_dirs 7       util
search_through_dirs UNDEF   templates
search_through_dirs UNDEF   windows
sel_func__10EditWindowPv 9       treeedit
sel_pos__10EditWindow 9       treeedit
select_all__6Select 9       treeedit
select_line 12      windows
select_line__6SelectR4MarkT1 9       treeedit
select_mode 14      treeedit
selected_line 12      windows
selected_notation 2       editor.o
selection_use_xor__Fi 2       editor.o
send_selection 7       windows
seq_assign 7       language
seq_do_statement 7       language
seq_elsedo 7       language
seq_elseif 7       language
seq_empty 7       language
seq_expression 7       language
seq_if_statement 7       language
server_close 7       windows
server_init 7       windows
set_begin__6Select 9       treeedit
set_begin__6Select UNDEF   editor.o
set_center__10EditWindowR4Mark 9       treeedit
set_change_function 7       templates
set_change_function UNDEF   windows
set_clipboard 7       windows
set_cursor_func 7       windows
set_default_thinspace 7       windows
set_default_thinspace UNDEF   output
set_default_thinspace UNDEF   treeedit
set_display_delta 7       windows
set_display_delta UNDEF   output
set_display_delta UNDEF   treeedit
set_drawstyle 7       windows
set_drawstyle UNDEF   treeedit
set_file 7       documents
set_file UNDEF   templates
set_file UNDEF   windows
set_fill_column__10EditWindowUi 9       treeedit
set_find_nr_rec__4NodeRUs 9       treeedit
set_gap__4NodeUiUi 9       treeedit
set_handle 7       markup
set_index 7       windows
set_index_nr 2       editor.o
set_index_nr UNDEF   windows
set_index_nr__6SelectUi 9       treeedit
set_index_nr__6SelectUi UNDEF   editor.o
set_input_string 7       keyboard
set_italic 7       windows
set_italic UNDEF   treeedit
set_keymap_help 7       keyboard
set_margin 7       windows
set_message_window 7       windows
set_old__6Select 9       treeedit
set_output_window 7       windows
set_output_window UNDEF   treeedit
set_parens 2       editor.o
set_parens UNDEF   windows
set_parens__4Nodei 9       treeedit
set_parens__6Select 9       treeedit
set_parens__6Select UNDEF   editor.o
set_save_period 7       windows
set_search_func 7       windows
set_search_func UNDEF   treeedit
set_selection_window 7       windows
set_smart_height 7       windows
set_smart_height UNDEF   treeedit
set_string_size 7       util
set_string_size UNDEF   markup
set_tab_stack 7       windows
set_tab_stack UNDEF   treeedit
set_text_mode 7       windows
set_translation 7       util
set_translation UNDEF   language
set_translation8 7       util
set_underline 7       windows
set_wait_cursor 7       windows
set_window_position 7       keyboard
set_wm_selection 7       windows
set_wrap__10EditWindowi 9       treeedit
set_x 7       windows
set_x_y 7       windows
set_y 7       windows
set_y UNDEF   treeedit
setlocale UNDEF   unicode
setpwent UNDEF   util
setsimpletabsize 7       windows
setsize 12      util
settabsize 7       windows
setwin__10EditWindowPvii 9       treeedit
setwin__10EditWindowPvii UNDEF   editor.o
signal UNDEF   windows
singlemode 12      documents
skip_fontpart 7       util
skip_fontpart UNDEF   templates
sprintf UNDEF   documents
sprintf UNDEF   markup
sprintf UNDEF   output
sprintf UNDEF   templates
sprintf UNDEF   treeedit
sprintf UNDEF   unicode
sprintf UNDEF   util
sprintf UNDEF   windows
ss 3       editor.o
ss UNDEF   treeedit
ss_notation 2       editor.o
ss_notation UNDEF   windows
sscanf UNDEF   windows
stack_position 2       editor.o
stack_position UNDEF   windows
stack_position__6Select 9       treeedit
stack_position__6Select UNDEF   editor.o
stackbegin 14      treeedit
stackdepth 14      treeedit
stackend 14      treeedit
stackpos 3       editor.o
standard_dir 7       util
standard_dir UNDEF   windows
start 14      treeedit
start_to_line__10EditWindowUi 9       treeedit
start_to_line__10EditWindowUi UNDEF   editor.o
start_to_str__10EditWindowPUs 9       treeedit
start_to_str__10EditWindowPUs UNDEF   editor.o
stat UNDEF   util
stencil_position_left 7       templates
stencil_position_left UNDEF   treeedit
stencil_position_right 7       templates
stencil_position_right UNDEF   treeedit
stop_end__10EditWindowRC4Mark 9       treeedit
stop_end_line__10EditWindowRC4Mark 9       treeedit
stop_motion_hints 7       windows
strcat UNDEF   documents
strchr UNDEF   keyboard
strchr UNDEF   unicode
strchr UNDEF   windows
strcmp UNDEF   language
strcmp UNDEF   unicode
strcmp UNDEF   util
strcmp UNDEF   windows
strcpy UNDEF   documents
strcpy UNDEF   language
strcpy UNDEF   output
strcpy UNDEF   unicode
strcpy UNDEF   util
strcpy UNDEF   windows
strerror 7       unicode
strerror 7       util
string_destroy 7       windows
string_get_input 7       windows
string_height 7       windows
string_init 7       windows
string_keyboard 7       windows
string_make 7       windows
string_map 7       windows
string_move 7       windows
string_refresh 7       windows
string_relation 7       windows
string_resize 7       windows
string_text 7       windows
string_to_window 7       windows
string_unmap 7       windows
string_width 7       windows
string_window_width 7       windows
stringfuncs 12      windows
strip_name 7       util
strip_name UNDEF   templates
strip_name UNDEF   windows
strlen UNDEF   documents
strlen UNDEF   language
strlen UNDEF   markup
strlen UNDEF   output
strlen UNDEF   unicode
strlen UNDEF   util
strlen UNDEF   windows
strncmp UNDEF   keyboard
strncmp UNDEF   unicode
strncmp UNDEF   windows
strncpy UNDEF   language
strncpy UNDEF   util
strsignal 7       unicode
strstr UNDEF   language
strtol UNDEF   language
structure_to_window 7       windows
swap__FR6SelectT0 9       treeedit
swap__FR6SelectT0 UNDEF   editor.o
swap_region 2       editor.o
swap_region UNDEF   windows
swap_selections 2       editor.o
swap_selections UNDEF   windows
switch_parens 2       editor.o
switch_parens UNDEF   windows
switch_parens__6Select 9       treeedit
switch_parens__6Select UNDEF   editor.o
switch_reverse 7       windows
switch_reverse UNDEF   editor.o
switch_reverse UNDEF   treeedit
switch_thick 7       windows
switch_thick UNDEF   editor.o
switch_thick UNDEF   treeedit
switch_thin 7       windows
switch_thin UNDEF   editor.o
switch_thin UNDEF   treeedit
switch_visible 7       windows
switch_visible UNDEF   treeedit
symbol_iconized 12      documents
symbol_iconized UNDEF   windows
symbol_init 7       windows
symbol_is_open 12      documents
symbol_is_open UNDEF   windows
symbol_last 7       windows
symbol_open 7       windows
symbolfuncs 12      windows
sys_errlist UNDEF   util
sys_nerr UNDEF   util
system UNDEF   windows
system_init 7       documents
system_init UNDEF   windows
tab_equal 7       windows
tab_equal UNDEF   treeedit
tab_lock 7       windows
tab_lock UNDEF   treeedit
tab_unlock 7       windows
tab_unlock UNDEF   treeedit
test__6SelectRC4Mark 9       treeedit
test_all_begin__10EditWindowRC4Mark 9       treeedit
test_all_end__10EditWindowRC4Mark 9       treeedit
test_begin__10EditWindowRC4Mark 9       treeedit
test_begin__C6SelectRC4MarkPFv_v 9       treeedit
test_begin_line__10EditWindowRC4Mark 9       treeedit
test_begin_noxor__10EditWindowRC4Mark 9       treeedit
test_end__10EditWindowRC4Mark 9       treeedit
test_end__C6SelectRC4MarkPFv_v 9       treeedit
test_end_line__10EditWindowRC4Mark 9       treeedit
test_end_multiline__10EditWindowRC4Mark 9       treeedit
test_end_noxor__10EditWindowRC4Mark 9       treeedit
test_go_back__10EditWindowRC4Mark 9       treeedit
test_nothing__10EditWindowRC4Mark 9       treeedit
test_window 7       windows
test_word_wrap__10EditWindowRC4Mark 9       treeedit
test_word_wrap_end__10EditWindowRC4Mark 9       treeedit
test_wrap__C6SelectRC4Mark 9       treeedit
tex_close_proof 7       output
tex_close_proof UNDEF   windows
tex_code 7       output
tex_code UNDEF   treeedit
tex_current_pos 7       output
tex_mode 7       output
tex_mode UNDEF   windows
tex_open_proof 7       output
tex_open_proof UNDEF   windows
tex_placeholders 7       output
tex_placeholders UNDEF   windows
tex_set_file 7       output
tex_set_file UNDEF   windows
tex_set_string 7       output
tex_set_string UNDEF   windows
tex_to_mode 7       output
tex_to_mode UNDEF   treeedit
tex_unset 7       output
tex_unset UNDEF   windows
text_only 14      treeedit
text_only UNDEF   editor.o
textdots 12      documents
textdots UNDEF   windows
thinspace 7       windows
thinspace UNDEF   treeedit
time UNDEF   templates
time UNDEF   util
to_right__6Select 9       treeedit
toupper UNDEF   language
toupper UNDEF   unicode
toupper UNDEF   util
translate 7       util
translate UNDEF   documents
translate UNDEF   templates
translate UNDEF   treeedit
translate UNDEF   windows
transpose_chars 2       editor.o
transpose_chars UNDEF   windows
transpose_chars__4NodeRUiUi 9       treeedit
transpose_chars__6SelectUi 9       treeedit
transpose_chars__6SelectUi UNDEF   editor.o
transpose_words 2       editor.o
transpose_words UNDEF   windows
transpose_words__4NodeRUiN31 9       treeedit
transpose_words__6SelectUi 9       treeedit
transpose_words__6SelectUi UNDEF   editor.o
traverse__4Mark 9       treeedit
tree_walk__4NodeP4Node 9       treeedit
tree_walk_skip__4NodeP4Node 9       treeedit
ts 3       editor.o
ts UNDEF   treeedit
type_of_expression 7       language
uccancom 13      unicode
ucdecomp 13      unicode
ucdenum 13      unicode
ucdetag 13      unicode
ucfinal 13      unicode
uchexval 13      unicode
ucinitial 13      unicode
ucisolated 13      unicode
uclow 13      unicode
ucmedial 13      unicode
ucmirror 13      unicode
ucnoaccent 13      unicode
ucspacevar 13      unicode
uctitle 13      unicode
uctype 13      unicode
uctype UNDEF   markup
uctype UNDEF   util
uctype UNDEF   windows
ucup 13      unicode
ucvalue 13      unicode
ucvalue UNDEF   windows
umap_copy 7       unicode
umap_create 7       unicode
umap_define 7       unicode
umap_destroy 7       unicode
umap_load 7       unicode
umap_load_file 7       unicode
umap_load_file UNDEF   documents
umap_load_file UNDEF   keyboard
umap_save 7       unicode
umap_shared 12      unicode
umap_uchar_inverse 7       unicode
undefined_font 7       windows
under__4NodeUi 9       treeedit
under__4NodeUi UNDEF   editor.o
under__6ReturnRC4Mark 9       treeedit
under__C4Mark 9       treeedit
ungetc UNDEF   templates
ungetc UNDEF   treeedit
unitype_init 7       unicode
unitype_init UNDEF   windows
unlink UNDEF   util
unlink__4Node 9       treeedit
unlink__6Marker 9       treeedit
unlink__6Return 9       treeedit
unlock_stencil 7       templates
unlock_stencil UNDEF   treeedit
unset__6Select 9       treeedit
unset__6Select UNDEF   editor.o
unset_file 7       documents
unset_file UNDEF   templates
unset_file UNDEF   windows
unset_old__6Select 9       treeedit
unset_old__6Select UNDEF   editor.o
unset_output_window 7       windows
unset_output_window UNDEF   treeedit
unset_parens 2       editor.o
unset_parens__6Select 9       treeedit
unset_parens__6Select UNDEF   editor.o
unset_select 2       editor.o
unset_select UNDEF   windows
up 2       editor.o
up UNDEF   windows
up__6Select 9       treeedit
up__6Select UNDEF   editor.o
upcase_word 2       editor.o
update__6Select 9       treeedit
update__6Select UNDEF   editor.o
update_left__6ReturnRC4Mark 9       treeedit
update_right__6ReturnRC4Mark 9       treeedit
update_selections 2       editor.o
update_selections UNDEF   windows
use_file_nr 12      templates
use_file_nr UNDEF   windows
use_stack 2       editor.o
use_stack UNDEF   windows
use_stack__6Select 9       treeedit
use_stack__6Select UNDEF   editor.o
use_xor 3       editor.o
use_xor UNDEF   treeedit
user_define 7       language
user_destroy 7       language
user_id 12      util
user_id UNDEF   templates
user_id UNDEF   windows
userdir 12      documents
userdir UNDEF   windows
utf8name 12      unicode
valid_start_position 7       markup
var_comma_adjust__4NodeRUiT1 9       treeedit
variable_init 7       language
variable_init UNDEF   windows
view_notation_filenames 7       templates
view_notation_filenames UNDEF   windows
visual 12      windows
wait_time 12      documents
wait_time UNDEF   windows
when_motion_window 12      windows
where_x 7       windows
where_x UNDEF   treeedit
where_y 7       windows
where_y UNDEF   treeedit
which_notation 7       templates
which_notation UNDEF   treeedit
which_notation UNDEF   windows
which_version 7       templates
which_version UNDEF   editor.o
which_version UNDEF   treeedit
which_version UNDEF   windows
which_version_nr 7       templates
which_version_nr UNDEF   treeedit
which_version_nr UNDEF   windows
white_pixel 13      windows
window_changed 2       editor.o
window_changed UNDEF   windows
window_empty 2       editor.o
window_empty UNDEF   windows
window_help 7       windows
window_manager_added 7       windows
window_with_base__10EditWindowP4Node 9       treeedit
wm_hints 13      windows
wmselection 12      windows
word_wrap_full__10EditWindow 9       treeedit
word_wrap_full__10EditWindow UNDEF   editor.o
word_wrap_selection 2       editor.o
word_wrap_selection UNDEF   windows
word_wrap_selection__10EditWindowP6Select 9       treeedit
word_wrap_selection__10EditWindowP6Select UNDEF   editor.o
word_wrap_window 2       editor.o
word_wrap_window UNDEF   windows
yank 2       editor.o
yank UNDEF   windows
yank__6Select 9       treeedit
yank__6Select UNDEF   editor.o
yy_yys 13      language
yy_yyv 13      language
yyact 12      language
yyback 7       language
yybgin 12      language
yychar 13      language
yychk 12      language
yycrank 12      language
yydebug 13      language
yydef 12      language
yyerrflag 13      language
yyerror 7       language
yyestate 13      language
yyexca 12      language
yyextra 12      language
yyfnd 13      language
yyin 12      language
yyinput 7       language
yyleng 13      language
yylex 7       language
yylineno 12      language
yylook 7       language
yylsp 13      language
yylstate 13      language
yylval 13      language
yymatch 12      language
yymorfg 13      language
yynerrs 13      language
yyolsp 13      language
yyout 12      language
yyoutput 7       language
yypact 12      language
yyparse 7       language
yypgo 12      language
yyprevious 12      language
yyps 13      language
yypv 13      language
yyr1 12      language
yyr2 12      language
yys 12      language
yysbuf 13      language
yysptr 12      language
yystate 13      language
yysvec 12      language
yytchar 13      language
yytext 13      language
yytmp 13      language
yytop 12      language
yyunput 7       language
yyv 12      language
yyval 13      language
yyvstop 12      language
